Archive member included to satisfy reference by file (symbol)

c:/st/stm32cubeide_1.7.0/stm32cubeide/plugins/com.st.stm32cube.ide.mcu.externaltools.gnu-tools-for-stm32.9-2020-q2-update.win32_2.0.0.202105311346/tools/bin/../lib/gcc/arm-none-eabi/9.3.1/../../../../arm-none-eabi/lib/thumb/v7e-m+fp/hard\libc_nano.a(lib_a-errno.o)
                              ./Core/Src/syscalls.o (__errno)
c:/st/stm32cubeide_1.7.0/stm32cubeide/plugins/com.st.stm32cube.ide.mcu.externaltools.gnu-tools-for-stm32.9-2020-q2-update.win32_2.0.0.202105311346/tools/bin/../lib/gcc/arm-none-eabi/9.3.1/../../../../arm-none-eabi/lib/thumb/v7e-m+fp/hard\libc_nano.a(lib_a-exit.o)
                              c:/st/stm32cubeide_1.7.0/stm32cubeide/plugins/com.st.stm32cube.ide.mcu.externaltools.gnu-tools-for-stm32.9-2020-q2-update.win32_2.0.0.202105311346/tools/bin/../lib/gcc/arm-none-eabi/9.3.1/../../../../arm-none-eabi/lib/thumb/v7e-m+fp/hard/crt0.o (exit)
c:/st/stm32cubeide_1.7.0/stm32cubeide/plugins/com.st.stm32cube.ide.mcu.externaltools.gnu-tools-for-stm32.9-2020-q2-update.win32_2.0.0.202105311346/tools/bin/../lib/gcc/arm-none-eabi/9.3.1/../../../../arm-none-eabi/lib/thumb/v7e-m+fp/hard\libc_nano.a(lib_a-impure.o)
                              c:/st/stm32cubeide_1.7.0/stm32cubeide/plugins/com.st.stm32cube.ide.mcu.externaltools.gnu-tools-for-stm32.9-2020-q2-update.win32_2.0.0.202105311346/tools/bin/../lib/gcc/arm-none-eabi/9.3.1/../../../../arm-none-eabi/lib/thumb/v7e-m+fp/hard\libc_nano.a(lib_a-exit.o) (_global_impure_ptr)
c:/st/stm32cubeide_1.7.0/stm32cubeide/plugins/com.st.stm32cube.ide.mcu.externaltools.gnu-tools-for-stm32.9-2020-q2-update.win32_2.0.0.202105311346/tools/bin/../lib/gcc/arm-none-eabi/9.3.1/../../../../arm-none-eabi/lib/thumb/v7e-m+fp/hard\libc_nano.a(lib_a-init.o)
                              c:/st/stm32cubeide_1.7.0/stm32cubeide/plugins/com.st.stm32cube.ide.mcu.externaltools.gnu-tools-for-stm32.9-2020-q2-update.win32_2.0.0.202105311346/tools/bin/../lib/gcc/arm-none-eabi/9.3.1/../../../../arm-none-eabi/lib/thumb/v7e-m+fp/hard/crt0.o (__libc_init_array)
c:/st/stm32cubeide_1.7.0/stm32cubeide/plugins/com.st.stm32cube.ide.mcu.externaltools.gnu-tools-for-stm32.9-2020-q2-update.win32_2.0.0.202105311346/tools/bin/../lib/gcc/arm-none-eabi/9.3.1/../../../../arm-none-eabi/lib/thumb/v7e-m+fp/hard\libc_nano.a(lib_a-malloc.o)
                              ./Core/Src/leaderboard.o (malloc)
c:/st/stm32cubeide_1.7.0/stm32cubeide/plugins/com.st.stm32cube.ide.mcu.externaltools.gnu-tools-for-stm32.9-2020-q2-update.win32_2.0.0.202105311346/tools/bin/../lib/gcc/arm-none-eabi/9.3.1/../../../../arm-none-eabi/lib/thumb/v7e-m+fp/hard\libc_nano.a(lib_a-memset.o)
                              c:/st/stm32cubeide_1.7.0/stm32cubeide/plugins/com.st.stm32cube.ide.mcu.externaltools.gnu-tools-for-stm32.9-2020-q2-update.win32_2.0.0.202105311346/tools/bin/../lib/gcc/arm-none-eabi/9.3.1/../../../../arm-none-eabi/lib/thumb/v7e-m+fp/hard/crt0.o (memset)
c:/st/stm32cubeide_1.7.0/stm32cubeide/plugins/com.st.stm32cube.ide.mcu.externaltools.gnu-tools-for-stm32.9-2020-q2-update.win32_2.0.0.202105311346/tools/bin/../lib/gcc/arm-none-eabi/9.3.1/../../../../arm-none-eabi/lib/thumb/v7e-m+fp/hard\libc_nano.a(lib_a-nano-freer.o)
                              c:/st/stm32cubeide_1.7.0/stm32cubeide/plugins/com.st.stm32cube.ide.mcu.externaltools.gnu-tools-for-stm32.9-2020-q2-update.win32_2.0.0.202105311346/tools/bin/../lib/gcc/arm-none-eabi/9.3.1/../../../../arm-none-eabi/lib/thumb/v7e-m+fp/hard\libc_nano.a(lib_a-malloc.o) (_free_r)
c:/st/stm32cubeide_1.7.0/stm32cubeide/plugins/com.st.stm32cube.ide.mcu.externaltools.gnu-tools-for-stm32.9-2020-q2-update.win32_2.0.0.202105311346/tools/bin/../lib/gcc/arm-none-eabi/9.3.1/../../../../arm-none-eabi/lib/thumb/v7e-m+fp/hard\libc_nano.a(lib_a-nano-mallocr.o)
                              c:/st/stm32cubeide_1.7.0/stm32cubeide/plugins/com.st.stm32cube.ide.mcu.externaltools.gnu-tools-for-stm32.9-2020-q2-update.win32_2.0.0.202105311346/tools/bin/../lib/gcc/arm-none-eabi/9.3.1/../../../../arm-none-eabi/lib/thumb/v7e-m+fp/hard\libc_nano.a(lib_a-malloc.o) (_malloc_r)
c:/st/stm32cubeide_1.7.0/stm32cubeide/plugins/com.st.stm32cube.ide.mcu.externaltools.gnu-tools-for-stm32.9-2020-q2-update.win32_2.0.0.202105311346/tools/bin/../lib/gcc/arm-none-eabi/9.3.1/../../../../arm-none-eabi/lib/thumb/v7e-m+fp/hard\libc_nano.a(lib_a-rand.o)
                              ./Core/Src/display_screen.o (rand)
c:/st/stm32cubeide_1.7.0/stm32cubeide/plugins/com.st.stm32cube.ide.mcu.externaltools.gnu-tools-for-stm32.9-2020-q2-update.win32_2.0.0.202105311346/tools/bin/../lib/gcc/arm-none-eabi/9.3.1/../../../../arm-none-eabi/lib/thumb/v7e-m+fp/hard\libc_nano.a(lib_a-sbrkr.o)
[...]
Memory Configuration

Name             Origin             Length             Attributes
CCMRAM           0x0000000010000000 0x0000000000010000 xrw
RAM              0x0000000020000000 0x0000000000020000 xrw
FLASH            0x0000000008000000 0x0000000000100000 xr
*default*        0x0000000000000000 0xffffffffffffffff

Linker script and memory map

LOAD c:/st/stm32cubeide_1.7.0/stm32cubeide/plugins/com.st.stm32cube.ide.mcu.externaltools.gnu-tools-for-stm32.9-2020-q2-update.win32_2.0.0.202105311346/tools/bin/../lib/gcc/arm-none-eabi/9.3.1/thumb/v7e-m+fp/hard/crti.o
LOAD c:/st/stm32cubeide_1.7.0/stm32cubeide/plugins/com.st.stm32cube.ide.mcu.externaltools.gnu-tools-for-stm32.9-2020-q2-update.win32_2.0.0.202105311346/tools/bin/../lib/gcc/arm-none-eabi/9.3.1/thumb/v7e-m+fp/hard/crtbegin.o
LOAD c:/st/stm32cubeide_1.7.0/stm32cubeide/plugins/com.st.stm32cube.ide.mcu.externaltools.gnu-tools-for-stm32.9-2020-q2-update.win32_2.0.0.202105311346/tools/bin/../lib/gcc/arm-none-eabi/9.3.1/../../../../arm-none-eabi/lib/thumb/v7e-m+fp/hard/crt0.o
LOAD ./Core/Src/adc.o
LOAD ./Core/Src/at24c.o
LOAD ./Core/Src/button.o
LOAD ./Core/Src/buzzer.o
LOAD ./Core/Src/display_screen.o
LOAD ./Core/Src/dma.o
LOAD ./Core/Src/ds3231.o
LOAD ./Core/Src/fsm.o
LOAD ./Core/Src/fsmc.o
LOAD ./Core/Src/gpio.o
LOAD ./Core/Src/i2c.o
LOAD ./Core/Src/lcd.o
LOAD ./Core/Src/leaderboard.o
LOAD ./Core/Src/led_7seg.o
LOAD ./Core/Src/main.o
LOAD ./Core/Src/picture.o
LOAD ./Core/Src/screen.o
LOAD ./Core/Src/sensor.o
LOAD ./Core/Src/snake.o
LOAD ./Core/Src/software_timer.o
LOAD ./Core/Src/spi.o
LOAD ./Core/Src/stm32f4xx_hal_msp.o
LOAD ./Core/Src/stm32f4xx_it.o
LOAD ./Core/Src/syscalls.o
LOAD ./Core/Src/sysmem.o
LOAD ./Core/Src/system.o
LOAD ./Core/Src/system_stm32f4xx.o
LOAD ./Core/Src/tim.o
LOAD ./Core/Src/touch.o
LOAD ./Core/Src/touch_screen.o
LOAD ./Core/Src/utils.o
LOAD ./Core/Startup/startup_stm32f407zetx.o
LOAD ./Drivers/STM32F4xx_HAL_Driver/Src/stm32f4xx_hal.o
LOAD ./Drivers/STM32F4xx_HAL_Driver/Src/stm32f4xx_hal_adc.o
LOAD ./Drivers/STM32F4xx_HAL_Driver/Src/stm32f4xx_hal_adc_ex.o
LOAD ./Drivers/STM32F4xx_HAL_Driver/Src/stm32f4xx_hal_cortex.o
LOAD ./Drivers/STM32F4xx_HAL_Driver/Src/stm32f4xx_hal_dma.o
LOAD ./Drivers/STM32F4xx_HAL_Driver/Src/stm32f4xx_hal_dma_ex.o
LOAD ./Drivers/STM32F4xx_HAL_Driver/Src/stm32f4xx_hal_exti.o
LOAD ./Drivers/STM32F4xx_HAL_Driver/Src/stm32f4xx_hal_flash.o
LOAD ./Drivers/STM32F4xx_HAL_Driver/Src/stm32f4xx_hal_flash_ex.o
LOAD ./Drivers/STM32F4xx_HAL_Driver/Src/stm32f4xx_hal_flash_ramfunc.o
LOAD ./Drivers/STM32F4xx_HAL_Driver/Src/stm32f4xx_hal_gpio.o
LOAD ./Drivers/STM32F4xx_HAL_Driver/Src/stm32f4xx_hal_i2c.o
LOAD ./Drivers/STM32F4xx_HAL_Driver/Src/stm32f4xx_hal_i2c_ex.o
LOAD ./Drivers/STM32F4xx_HAL_Driver/Src/stm32f4xx_hal_pwr.o
LOAD ./Drivers/STM32F4xx_HAL_Driver/Src/stm32f4xx_hal_pwr_ex.o
LOAD ./Drivers/STM32F4xx_HAL_Driver/Src/stm32f4xx_hal_rcc.o
LOAD ./Drivers/STM32F4xx_HAL_Driver/Src/stm32f4xx_hal_rcc_ex.o
LOAD ./Drivers/STM32F4xx_HAL_Driver/Src/stm32f4xx_hal_spi.o
LOAD ./Drivers/STM32F4xx_HAL_Driver/Src/stm32f4xx_hal_sram.o
LOAD ./Drivers/STM32F4xx_HAL_Driver/Src/stm32f4xx_hal_tim.o
LOAD ./Drivers/STM32F4xx_HAL_Driver/Src/stm32f4xx_hal_tim_ex.o
LOAD ./Drivers/STM32F4xx_HAL_Driver/Src/stm32f4xx_ll_adc.o
LOAD ./Drivers/STM32F4xx_HAL_Driver/Src/stm32f4xx_ll_fsmc.o
START GROUP
LOAD c:/st/stm32cubeide_1.7.0/stm32cubeide/plugins/com.st.stm32cube.ide.mcu.externaltools.gnu-tools-for-stm32.9-2020-q2-update.win32_2.0.0.202105311346/tools/bin/../lib/gcc/arm-none-eabi/9.3.1/../../../../arm-none-eabi/lib/thumb/v7e-m+fp/hard\libc_nano.a
LOAD c:/st/stm32cubeide_1.7.0/stm32cubeide/plugins/com.st.stm32cube.ide.mcu.externaltools.gnu-tools-for-stm32.9-2020-q2-update.win32_2.0.0.202105311346/tools/bin/../lib/gcc/arm-none-eabi/9.3.1/../../../../arm-none-eabi/lib/thumb/v7e-m+fp/hard\libm.a
END GROUP
START GROUP
LOAD c:/st/stm32cubeide_1.7.0/stm32cubeide/plugins/com.st.stm32cube.ide.mcu.externaltools.gnu-tools-for-stm32.9-2020-q2-update.win32_2.0.0.202105311346/tools/bin/../lib/gcc/arm-none-eabi/9.3.1/thumb/v7e-m+fp/hard\libgcc.a
LOAD c:/st/stm32cubeide_1.7.0/stm32cubeide/plugins/com.st.stm32cube.ide.mcu.externaltools.gnu-tools-for-stm32.9-2020-q2-update.win32_2.0.0.202105311346/tools/bin/../lib/gcc/arm-none-eabi/9.3.1/../../../../arm-none-eabi/lib/thumb/v7e-m+fp/hard\libc_nano.a
END GROUP
START GROUP
LOAD c:/st/stm32cubeide_1.7.0/stm32cubeide/plugins/com.st.stm32cube.ide.mcu.externaltools.gnu-tools-for-stm32.9-2020-q2-update.win32_2.0.0.202105311346/tools/bin/../lib/gcc/arm-none-eabi/9.3.1/thumb/v7e-m+fp/hard\libgcc.a
LOAD c:/st/stm32cubeide_1.7.0/stm32cubeide/plugins/com.st.stm32cube.ide.mcu.externaltools.gnu-tools-for-stm32.9-2020-q2-update.win32_2.0.0.202105311346/tools/bin/../lib/gcc/arm-none-eabi/9.3.1/../../../../arm-none-eabi/lib/thumb/v7e-m+fp/hard\libc_nano.a
LOAD c:/st/stm32cubeide_1.7.0/stm32cubeide/plugins/com.st.stm32cube.ide.mcu.externaltools.gnu-tools-for-stm32.9-2020-q2-update.win32_2.0.0.202105311346/tools/bin/../lib/gcc/arm-none-eabi/9.3.1/../../../../arm-none-eabi/lib/thumb/v7e-m+fp/hard\libnosys.a
END GROUP
START GROUP
LOAD c:/st/stm32cubeide_1.7.0/stm32cubeide/plugins/com.st.stm32cube.ide.mcu.externaltools.gnu-tools-for-stm32.9-2020-q2-update.win32_2.0.0.202105311346/tools/bin/../lib/gcc/arm-none-eabi/9.3.1/thumb/v7e-m+fp/hard\libgcc.a
LOAD c:/st/stm32cubeide_1.7.0/stm32cubeide/plugins/com.st.stm32cube.ide.mcu.externaltools.gnu-tools-for-stm32.9-2020-q2-update.win32_2.0.0.202105311346/tools/bin/../lib/gcc/arm-none-eabi/9.3.1/../../../../arm-none-eabi/lib/thumb/v7e-m+fp/hard\libc_nano.a
LOAD c:/st/stm32cubeide_1.7.0/stm32cubeide/plugins/com.st.stm32cube.ide.mcu.externaltools.gnu-tools-for-stm32.9-2020-q2-update.win32_2.0.0.202105311346/tools/bin/../lib/gcc/arm-none-eabi/9.3.1/../../../../arm-none-eabi/lib/thumb/v7e-m+fp/hard\libnosys.a
END GROUP
LOAD c:/st/stm32cubeide_1.7.0/stm32cubeide/plugins/com.st.stm32cube.ide.mcu.externaltools.gnu-tools-for-stm32.9-2020-q2-update.win32_2.0.0.202105311346/tools/bin/../lib/gcc/arm-none-eabi/9.3.1/thumb/v7e-m+fp/hard/crtend.o
LOAD c:/st/stm32cubeide_1.7.0/stm32cubeide/plugins/com.st.stm32cube.ide.mcu.externaltools.gnu-tools-for-stm32.9-2020-q2-update.win32_2.0.0.202105311346/tools/bin/../lib/gcc/arm-none-eabi/9.3.1/thumb/v7e-m+fp/hard/crtn.o
                0x0000000020020000                _estack = (ORIGIN (RAM) + LENGTH (RAM))
                0x0000000000000200                _Min_Heap_Size = 0x200
                0x0000000000000400                _Min_Stack_Size = 0x400

.isr_vector     0x0000000008000000      0x188
                0x0000000008000000                . = ALIGN (0x4)
 *(.isr_vector)
 .isr_vector    0x0000000008000000      0x188 ./Core/Startup/startup_stm32f407zetx.o
                0x0000000008000000                g_pfnVectors
                0x0000000008000188                . = ALIGN (0x4)

.text           0x0000000008000190     0xb74c
                0x0000000008000190                . = ALIGN (0x4)
 *(.text)
 .text          0x0000000008000190       0x40 c:/st/stm32cubeide_1.7.0/stm32cubeide/plugins/com.st.stm32cube.ide.mcu.externaltools.gnu-tools-for-stm32.9-2020-q2-update.win32_2.0.0.202105311346/tools/bin/../lib/gcc/arm-none-eabi/9.3.1/thumb/v7e-m+fp/hard/crtbegin.o
 .text          0x00000000080001d0       0xa0 c:/st/stm32cubeide_1.7.0/stm32cubeide/plugins/com.st.stm32cube.ide.mcu.externaltools.gnu-tools-for-stm32.9-2020-q2-update.win32_2.0.0.202105311346/tools/bin/../lib/gcc/arm-none-eabi/9.3.1/../../../../arm-none-eabi/lib/thumb/v7e-m+fp/hard\libc_nano.a(lib_a-memchr.o)
                0x00000000080001d0                memchr
 .text          0x0000000008000270      0x378 c:/st/stm32cubeide_1.7.0/stm32cubeide/plugins/com.st.stm32cube.ide.mcu.externaltools.gnu-tools-for-stm32.9-2020-q2-update.win32_2.0.0.202105311346/tools/bin/../lib/gcc/arm-none-eabi/9.3.1/thumb/v7e-m+fp/hard\libgcc.a(_arm_addsubdf3.o)
                0x0000000008000270                __aeabi_drsub
                0x0000000008000278                __aeabi_dsub
                0x0000000008000278                __subdf3
                0x000000000800027c                __aeabi_dadd
                0x000000000800027c                __adddf3
                0x00000000080004f4                __floatunsidf
                0x00000000080004f4                __aeabi_ui2d
                0x0000000008000514                __floatsidf
                0x0000000008000514                __aeabi_i2d
                0x0000000008000538                __aeabi_f2d
                0x0000000008000538                __extendsfdf2
                0x000000000800057c                __floatundidf
                0x000000000800057c                __aeabi_ul2d
                0x000000000800058c                __floatdidf
                0x000000000800058c                __aeabi_l2d
 .text          0x00000000080005e8      0x424 c:/st/stm32cubeide_1.7.0/stm32cubeide/plugins/com.st.stm32cube.ide.mcu.externaltools.gnu-tools-for-stm32.9-2020-q2-update.win32_2.0.0.202105311346/tools/bin/../lib/gcc/arm-none-eabi/9.3.1/thumb/v7e-m+fp/hard\libgcc.a(_arm_muldivdf3.o)
                0x00000000080005e8                __aeabi_dmul
                0x00000000080005e8                __muldf3
                0x000000000800083c                __divdf3
                0x000000000800083c                __aeabi_ddiv
 .text          0x0000000008000a0c      0x110 c:/st/stm32cubeide_1.7.0/stm32cubeide/plugins/com.st.stm32cube.ide.mcu.externaltools.gnu-tools-for-stm32.9-2020-q2-update.win32_2.0.0.202105311346/tools/bin/../lib/gcc/arm-none-eabi/9.3.1/thumb/v7e-m+fp/hard\libgcc.a(_arm_cmpdf2.o)
                0x0000000008000a0c                __gtdf2
                0x0000000008000a0c                __gedf2
                0x0000000008000a14                __ltdf2
                0x0000000008000a14                __ledf2
                0x0000000008000a1c                __nedf2
                0x0000000008000a1c                __eqdf2
                0x0000000008000a1c                __cmpdf2
                0x0000000008000a98                __aeabi_cdrcmple
                0x0000000008000aa8                __aeabi_cdcmpeq
                0x0000000008000aa8                __aeabi_cdcmple
                0x0000000008000ab8                __aeabi_dcmpeq
                0x0000000008000acc                __aeabi_dcmplt
                0x0000000008000ae0                __aeabi_dcmple
                0x0000000008000af4                __aeabi_dcmpge
                0x0000000008000b08                __aeabi_dcmpgt
 .text          0x0000000008000b1c       0x2c c:/st/stm32cubeide_1.7.0/stm32cubeide/plugins/com.st.stm32cube.ide.mcu.externaltools.gnu-tools-for-stm32.9-2020-q2-update.win32_2.0.0.202105311346/tools/bin/../lib/gcc/arm-none-eabi/9.3.1/thumb/v7e-m+fp/hard\libgcc.a(_arm_unorddf2.o)
                0x0000000008000b1c                __unorddf2
                0x0000000008000b1c                __aeabi_dcmpun
 .text          0x0000000008000b48       0x40 c:/st/stm32cubeide_1.7.0/stm32cubeide/plugins/com.st.stm32cube.ide.mcu.externaltools.gnu-tools-for-stm32.9-2020-q2-update.win32_2.0.0.202105311346/tools/bin/../lib/gcc/arm-none-eabi/9.3.1/thumb/v7e-m+fp/hard\libgcc.a(_arm_fixunsdfsi.o)
                0x0000000008000b48                __aeabi_d2uiz
                0x0000000008000b48                __fixunsdfsi
 .text          0x0000000008000b88       0x30 c:/st/stm32cubeide_1.7.0/stm32cubeide/plugins/com.st.stm32cube.ide.mcu.externaltools.gnu-tools-for-stm32.9-2020-q2-update.win32_2.0.0.202105311346/tools/bin/../lib/gcc/arm-none-eabi/9.3.1/thumb/v7e-m+fp/hard\libgcc.a(_aeabi_uldivmod.o)
                0x0000000008000b88                __aeabi_uldivmod
 .text          0x0000000008000bb8      0x2c4 c:/st/stm32cubeide_1.7.0/stm32cubeide/plugins/com.st.stm32cube.ide.mcu.externaltools.gnu-tools-for-stm32.9-2020-q2-update.win32_2.0.0.202105311346/tools/bin/../lib/gcc/arm-none-eabi/9.3.1/thumb/v7e-m+fp/hard\libgcc.a(_udivmoddi4.o)
                0x0000000008000bb8                __udivmoddi4
 .text          0x0000000008000e7c        0x4 c:/st/stm32cubeide_1.7.0/stm32cubeide/plugins/com.st.stm32cube.ide.mcu.externaltools.gnu-tools-for-stm32.9-2020-q2-update.win32_2.0.0.202105311346/tools/bin/../lib/gcc/arm-none-eabi/9.3.1/thumb/v7e-m+fp/hard\libgcc.a(_dvmd_tls.o)
                0x0000000008000e7c                __aeabi_idiv0
                0x0000000008000e7c                __aeabi_ldiv0
 *(.text*)
 .text.MX_ADC1_Init
                0x0000000008000e80      0x114 ./Core/Src/adc.o
                0x0000000008000e80                MX_ADC1_Init
 .text.HAL_ADC_MspInit
                0x0000000008000f94      0x128 ./Core/Src/adc.o
                0x0000000008000f94                HAL_ADC_MspInit
 .text.at24c_init
                0x00000000080010bc        0xc ./Core/Src/at24c.o
                0x00000000080010bc                at24c_init
 .text.at24c_ReadOneByte
                0x00000000080010c8       0x38 ./Core/Src/at24c.o
                0x00000000080010c8                at24c_ReadOneByte
 .text.at24c_WriteOneByte
                0x0000000008001100       0x3c ./Core/Src/at24c.o
                0x0000000008001100                at24c_WriteOneByte
 .text.at24c_Check
                0x000000000800113c       0x46 ./Core/Src/at24c.o
 .text.at24c_Read
                0x0000000008001182       0x3e ./Core/Src/at24c.o
                0x0000000008001182                at24c_Read
 .text.at24c_Write
                0x00000000080011c0       0x40 ./Core/Src/at24c.o
                0x00000000080011c0                at24c_Write
 .text.button_init
                0x0000000008001200       0x18 ./Core/Src/button.o
                0x0000000008001200                button_init
 .text.button_Scan
                0x0000000008001218       0xd8 ./Core/Src/button.o
                0x0000000008001218                button_Scan
 .text.buzzer_init
                0x00000000080012f0       0x14 ./Core/Src/buzzer.o
                0x00000000080012f0                buzzer_init
 .text.MX_DMA_Init
                0x0000000008001304       0x40 ./Core/Src/dma.o
                0x0000000008001304                MX_DMA_Init
 .text.fsm_mode
                0x0000000008001344       0x80 ./Core/Src/fsm.o
                0x0000000008001344                fsm_mode
 .text.enter_ID
                0x00000000080013c4      0x148 ./Core/Src/fsm.o
                0x00000000080013c4                enter_ID
 .text.change_mode
                0x000000000800150c      0x214 ./Core/Src/fsm.o
                0x000000000800150c                change_mode
 .text.change_speed
                0x0000000008001720      0x1b4 ./Core/Src/fsm.o
                0x0000000008001720                change_speed
 .text.displayLeaderBoard
                0x00000000080018d4      0x1d8 ./Core/Src/fsm.o
                0x00000000080018d4                displayLeaderBoard
 .text.fsm_machine
                0x0000000008001aac      0x524 ./Core/Src/fsm.o
                0x0000000008001aac                fsm_machine
 .text.MX_FSMC_Init
                0x0000000008001fd0       0xf4 ./Core/Src/fsmc.o
                0x0000000008001fd0                MX_FSMC_Init
 .text.HAL_FSMC_MspInit
                0x00000000080020c4       0x98 ./Core/Src/fsmc.o
 .text.HAL_SRAM_MspInit
                0x000000000800215c       0x14 ./Core/Src/fsmc.o
                0x000000000800215c                HAL_SRAM_MspInit
 .text.MX_GPIO_Init
                0x0000000008002170      0x22c ./Core/Src/gpio.o
                0x0000000008002170                MX_GPIO_Init
 .text.MX_I2C1_Init
                0x000000000800239c       0x5c ./Core/Src/i2c.o
                0x000000000800239c                MX_I2C1_Init
 .text.HAL_I2C_MspInit
                0x00000000080023f8       0x90 ./Core/Src/i2c.o
                0x00000000080023f8                HAL_I2C_MspInit
 .text.LCD_WR_REG
                0x0000000008002488       0x20 ./Core/Src/lcd.o
                0x0000000008002488                LCD_WR_REG
 .text.LCD_WR_DATA
                0x00000000080024a8       0x20 ./Core/Src/lcd.o
                0x00000000080024a8                LCD_WR_DATA
 .text.LCD_RD_DATA
                0x00000000080024c8       0x24 ./Core/Src/lcd.o
                0x00000000080024c8                LCD_RD_DATA
 .text.lcd_AddressSet
                0x00000000080024ec       0x98 ./Core/Src/lcd.o
                0x00000000080024ec                lcd_AddressSet
 .text.lcd_Clear
                0x0000000008002584       0x64 ./Core/Src/lcd.o
                0x0000000008002584                lcd_Clear
 .text.lcd_Fill
                0x00000000080025e8       0x6c ./Core/Src/lcd.o
                0x00000000080025e8                lcd_Fill
 .text.lcd_DrawPoint
                0x0000000008002654       0x2e ./Core/Src/lcd.o
                0x0000000008002654                lcd_DrawPoint
 .text.lcd_DrawLine
                0x0000000008002682      0x108 ./Core/Src/lcd.o
                0x0000000008002682                lcd_DrawLine
 *fill*         0x000000000800278a        0x2 
 .text.lcd_ShowChar
                0x000000000800278c      0x1a0 ./Core/Src/lcd.o
                0x000000000800278c                lcd_ShowChar
 .text.mypow    0x000000000800292c       0x38 ./Core/Src/lcd.o
                0x000000000800292c                mypow
 .text.lcd_ShowIntNum
                0x0000000008002964       0xfc ./Core/Src/lcd.o
                0x0000000008002964                lcd_ShowIntNum
 .text.lcd_SetDir
                0x0000000008002a60       0x48 ./Core/Src/lcd.o
                0x0000000008002a60                lcd_SetDir
 .text.lcd_init
                0x0000000008002aa8      0x2c0 ./Core/Src/lcd.o
                0x0000000008002aa8                lcd_init
 .text._draw_circle_8
                0x0000000008002d68      0x116 ./Core/Src/lcd.o
 .text.lcd_DrawCircle
                0x0000000008002e7e       0xd8 ./Core/Src/lcd.o
                0x0000000008002e7e                lcd_DrawCircle
 *fill*         0x0000000008002f56        0x2 
 .text.lcd_ShowStr
                0x0000000008002f58       0xc8 ./Core/Src/lcd.o
                0x0000000008002f58                lcd_ShowStr
 .text.addPlayer
                0x0000000008003020       0x94 ./Core/Src/leaderboard.o
                0x0000000008003020                addPlayer
 .text.led7_Scan
                0x00000000080030b4      0x118 ./Core/Src/led_7seg.o
                0x00000000080030b4                led7_Scan
 .text.led7_SetDigit
                0x00000000080031cc       0x48 ./Core/Src/led_7seg.o
                0x00000000080031cc                led7_SetDigit
 .text.led7_SetColon
                0x0000000008003214       0x40 ./Core/Src/led_7seg.o
                0x0000000008003214                led7_SetColon
 .text.main     0x0000000008003254       0x68 ./Core/Src/main.o
                0x0000000008003254                main
 .text.SystemClock_Config
                0x00000000080032bc       0xd4 ./Core/Src/main.o
                0x00000000080032bc                SystemClock_Config
 .text.system_init
                0x0000000008003390       0x60 ./Core/Src/main.o
                0x0000000008003390                system_init
 .text.Error_Handler
                0x00000000080033f0        0xa ./Core/Src/main.o
                0x00000000080033f0                Error_Handler
 *fill*         0x00000000080033fa        0x2 
 .text.screen_init
                0x00000000080033fc       0x2c ./Core/Src/screen.o
                0x00000000080033fc                screen_init
 .text.screen_play
                0x0000000008003428       0xf8 ./Core/Src/screen.o
                0x0000000008003428                screen_play
 .text.screen_score
                0x0000000008003520       0x30 ./Core/Src/screen.o
                0x0000000008003520                screen_score
 .text.screen_exit
                0x0000000008003550       0x2c ./Core/Src/screen.o
                0x0000000008003550                screen_exit
 .text.screen_game_over
                0x000000000800357c      0x114 ./Core/Src/screen.o
                0x000000000800357c                screen_game_over
 .text.draw_snake
                0x0000000008003690       0x22 ./Core/Src/snake.o
                0x0000000008003690                draw_snake
 .text.draw_food
                0x00000000080036b2       0x24 ./Core/Src/snake.o
                0x00000000080036b2                draw_food
 .text.draw_head
                0x00000000080036d6       0x24 ./Core/Src/snake.o
                0x00000000080036d6                draw_head
 .text.draw_wall
                0x00000000080036fa       0x24 ./Core/Src/snake.o
                0x00000000080036fa                draw_wall
 .text.clear_block
                0x000000000800371e       0x24 ./Core/Src/snake.o
                0x000000000800371e                clear_block
 *fill*         0x0000000008003742        0x2 
 .text.update_grid
                0x0000000008003744      0x13c ./Core/Src/snake.o
                0x0000000008003744                update_grid
 .text.delete_wall
                0x0000000008003880       0x6c ./Core/Src/snake.o
                0x0000000008003880                delete_wall
 .text.init_grid
                0x00000000080038ec       0x54 ./Core/Src/snake.o
                0x00000000080038ec                init_grid
 .text.move_snake
                0x0000000008003940      0x1b0 ./Core/Src/snake.o
                0x0000000008003940                move_snake
 .text.re_init  0x0000000008003af0       0x88 ./Core/Src/snake.o
                0x0000000008003af0                re_init
 .text.spawn_food
                0x0000000008003b78       0x64 ./Core/Src/snake.o
                0x0000000008003b78                spawn_food
 .text.spawn_wall
                0x0000000008003bdc      0x2dc ./Core/Src/snake.o
                0x0000000008003bdc                spawn_wall
 .text.rand_no  0x0000000008003eb8       0x28 ./Core/Src/snake.o
                0x0000000008003eb8                rand_no
 .text.check_collision
                0x0000000008003ee0       0xa4 ./Core/Src/snake.o
                0x0000000008003ee0                check_collision
 .text.wait_check
                0x0000000008003f84       0xb0 ./Core/Src/snake.o
                0x0000000008003f84                wait_check
 .text.check_food
                0x0000000008004034       0xe0 ./Core/Src/snake.o
                0x0000000008004034                check_food
 .text.timer_init
                0x0000000008004114       0x1c ./Core/Src/software_timer.o
                0x0000000008004114                timer_init
 .text.setTimer2
                0x0000000008004130       0x38 ./Core/Src/software_timer.o
                0x0000000008004130                setTimer2
 .text.setTimer3
                0x0000000008004168       0x38 ./Core/Src/software_timer.o
                0x0000000008004168                setTimer3
 .text.setTimer4
                0x00000000080041a0       0x38 ./Core/Src/software_timer.o
                0x00000000080041a0                setTimer4
 .text.setTimer5
                0x00000000080041d8       0x38 ./Core/Src/software_timer.o
                0x00000000080041d8                setTimer5
 .text.setTimer7
                0x0000000008004210       0x38 ./Core/Src/software_timer.o
                0x0000000008004210                setTimer7
 .text.HAL_TIM_PeriodElapsedCallback
                0x0000000008004248      0x164 ./Core/Src/software_timer.o
                0x0000000008004248                HAL_TIM_PeriodElapsedCallback
 .text.delay_us
                0x00000000080043ac       0x34 ./Core/Src/software_timer.o
                0x00000000080043ac                delay_us
 .text.MX_SPI1_Init
                0x00000000080043e0       0x6c ./Core/Src/spi.o
                0x00000000080043e0                MX_SPI1_Init
 .text.HAL_SPI_MspInit
                0x000000000800444c       0x90 ./Core/Src/spi.o
                0x000000000800444c                HAL_SPI_MspInit
 .text.HAL_MspInit
                0x00000000080044dc       0x50 ./Core/Src/stm32f4xx_hal_msp.o
                0x00000000080044dc                HAL_MspInit
 .text.NMI_Handler
                0x000000000800452c        0x6 ./Core/Src/stm32f4xx_it.o
                0x000000000800452c                NMI_Handler
 .text.HardFault_Handler
                0x0000000008004532        0x6 ./Core/Src/stm32f4xx_it.o
                0x0000000008004532                HardFault_Handler
 .text.MemManage_Handler
                0x0000000008004538        0x6 ./Core/Src/stm32f4xx_it.o
                0x0000000008004538                MemManage_Handler
 .text.BusFault_Handler
                0x000000000800453e        0x6 ./Core/Src/stm32f4xx_it.o
                0x000000000800453e                BusFault_Handler
 .text.UsageFault_Handler
                0x0000000008004544        0x6 ./Core/Src/stm32f4xx_it.o
                0x0000000008004544                UsageFault_Handler
 .text.SVC_Handler
                0x000000000800454a        0xe ./Core/Src/stm32f4xx_it.o
                0x000000000800454a                SVC_Handler
 .text.DebugMon_Handler
                0x0000000008004558        0xe ./Core/Src/stm32f4xx_it.o
                0x0000000008004558                DebugMon_Handler
 .text.PendSV_Handler
                0x0000000008004566        0xe ./Core/Src/stm32f4xx_it.o
                0x0000000008004566                PendSV_Handler
 .text.SysTick_Handler
                0x0000000008004574        0xc ./Core/Src/stm32f4xx_it.o
                0x0000000008004574                SysTick_Handler
 .text.TIM2_IRQHandler
                0x0000000008004580       0x14 ./Core/Src/stm32f4xx_it.o
                0x0000000008004580                TIM2_IRQHandler
 .text.DMA2_Stream0_IRQHandler
                0x0000000008004594       0x14 ./Core/Src/stm32f4xx_it.o
                0x0000000008004594                DMA2_Stream0_IRQHandler
 .text._getpid  0x00000000080045a8       0x10 ./Core/Src/syscalls.o
                0x00000000080045a8                _getpid
 .text._kill    0x00000000080045b8       0x20 ./Core/Src/syscalls.o
                0x00000000080045b8                _kill
 .text._exit    0x00000000080045d8       0x14 ./Core/Src/syscalls.o
                0x00000000080045d8                _exit
 .text._read    0x00000000080045ec       0x3a ./Core/Src/syscalls.o
                0x00000000080045ec                _read
 .text._write   0x0000000008004626       0x38 ./Core/Src/syscalls.o
                0x0000000008004626                _write
 .text._close   0x000000000800465e       0x18 ./Core/Src/syscalls.o
                0x000000000800465e                _close
 .text._fstat   0x0000000008004676       0x20 ./Core/Src/syscalls.o
                0x0000000008004676                _fstat
 .text._isatty  0x0000000008004696       0x16 ./Core/Src/syscalls.o
                0x0000000008004696                _isatty
 .text._lseek   0x00000000080046ac       0x1a ./Core/Src/syscalls.o
                0x00000000080046ac                _lseek
 *fill*         0x00000000080046c6        0x2 
 .text._sbrk    0x00000000080046c8       0x6c ./Core/Src/sysmem.o
                0x00000000080046c8                _sbrk
 .text.SystemInit
                0x0000000008004734       0x24 ./Core/Src/system_stm32f4xx.o
                0x0000000008004734                SystemInit
 .text.MX_TIM1_Init
                0x0000000008004758       0xa0 ./Core/Src/tim.o
                0x0000000008004758                MX_TIM1_Init
 .text.MX_TIM2_Init
                0x00000000080047f8       0x98 ./Core/Src/tim.o
                0x00000000080047f8                MX_TIM2_Init
 .text.MX_TIM13_Init
                0x0000000008004890       0x9c ./Core/Src/tim.o
                0x0000000008004890                MX_TIM13_Init
 .text.HAL_TIM_Base_MspInit
                0x000000000800492c       0xa4 ./Core/Src/tim.o
                0x000000000800492c                HAL_TIM_Base_MspInit
 .text.HAL_TIM_MspPostInit
                0x00000000080049d0       0x74 ./Core/Src/tim.o
                0x00000000080049d0                HAL_TIM_MspPostInit
 .text.TP_Write_Byte
                0x0000000008004a44       0x78 ./Core/Src/touch.o
 .text.TP_Read_AD
                0x0000000008004abc       0xe0 ./Core/Src/touch.o
 .text.TP_Read_XOY
                0x0000000008004b9c      0x104 ./Core/Src/touch.o
 .text.TP_Read_XY
                0x0000000008004ca0       0x44 ./Core/Src/touch.o
 .text.TP_Read_XY2
                0x0000000008004ce4       0xc4 ./Core/Src/touch.o
 .text.TP_Drow_Touch_Point
                0x0000000008004da8       0xae ./Core/Src/touch.o
 *fill*         0x0000000008004e56        0x2 
 .text.TP_Scan  0x0000000008004e58      0x12c ./Core/Src/touch.o
 .text.TP_Save_Adjdata
                0x0000000008004f84       0x20 ./Core/Src/touch.o
 .text.TP_Get_Adjdata
                0x0000000008004fa4       0x38 ./Core/Src/touch.o
 *fill*         0x0000000008004fdc        0x4 
 .text.touch_Adjust
                0x0000000008004fe0      0x7ac ./Core/Src/touch.o
                0x0000000008004fe0                touch_Adjust
 .text.touch_init
                0x000000000800578c       0x20 ./Core/Src/touch.o
                0x000000000800578c                touch_init
 .text.touch_Scan
                0x00000000080057ac       0x14 ./Core/Src/touch.o
                0x00000000080057ac                touch_Scan
 .text.touch_IsTouched
                0x00000000080057c0       0x24 ./Core/Src/touch.o
                0x00000000080057c0                touch_IsTouched
 .text.touch_GetX
                0x00000000080057e4       0x18 ./Core/Src/touch.o
                0x00000000080057e4                touch_GetX
 .text.touch_GetY
                0x00000000080057fc       0x18 ./Core/Src/touch.o
                0x00000000080057fc                touch_GetY
 .text.isButtonStart
                0x0000000008005814       0x48 ./Core/Src/touch_screen.o
                0x0000000008005814                isButtonStart
 .text.isButtonUp
                0x000000000800585c       0x46 ./Core/Src/touch_screen.o
                0x000000000800585c                isButtonUp
 .text.isButtonDown
                0x00000000080058a2       0x4a ./Core/Src/touch_screen.o
                0x00000000080058a2                isButtonDown
 .text.isButtonLeft
                0x00000000080058ec       0x4a ./Core/Src/touch_screen.o
                0x00000000080058ec                isButtonLeft
 .text.isButtonRight
                0x0000000008005936       0x4a ./Core/Src/touch_screen.o
                0x0000000008005936                isButtonRight
 .text.isButtonRestart
                0x0000000008005980       0x48 ./Core/Src/touch_screen.o
                0x0000000008005980                isButtonRestart
 .text.isExit   0x00000000080059c8       0x46 ./Core/Src/touch_screen.o
                0x00000000080059c8                isExit
 *fill*         0x0000000008005a0e        0x2 
 .text.Reset_Handler
                0x0000000008005a10       0x50 ./Core/Startup/startup_stm32f407zetx.o
                0x0000000008005a10                Reset_Handler
 .text.Default_Handler
                0x0000000008005a60        0x2 ./Core/Startup/startup_stm32f407zetx.o
                0x0000000008005a60                RTC_Alarm_IRQHandler
                0x0000000008005a60                HASH_RNG_IRQHandler
                0x0000000008005a60                EXTI2_IRQHandler
                0x0000000008005a60                TIM8_CC_IRQHandler
                0x0000000008005a60                TIM1_CC_IRQHandler
                0x0000000008005a60                DMA2_Stream5_IRQHandler
                0x0000000008005a60                DMA1_Stream5_IRQHandler
                0x0000000008005a60                PVD_IRQHandler
                0x0000000008005a60                SDIO_IRQHandler
                0x0000000008005a60                TAMP_STAMP_IRQHandler
                0x0000000008005a60                CAN2_RX1_IRQHandler
                0x0000000008005a60                EXTI3_IRQHandler
                0x0000000008005a60                TIM8_TRG_COM_TIM14_IRQHandler
                0x0000000008005a60                TIM1_UP_TIM10_IRQHandler
                0x0000000008005a60                TIM8_UP_TIM13_IRQHandler
                0x0000000008005a60                I2C3_ER_IRQHandler
                0x0000000008005a60                EXTI0_IRQHandler
                0x0000000008005a60                I2C2_EV_IRQHandler
                0x0000000008005a60                DMA1_Stream2_IRQHandler
                0x0000000008005a60                CAN1_RX0_IRQHandler
                0x0000000008005a60                FPU_IRQHandler
                0x0000000008005a60                OTG_HS_WKUP_IRQHandler
                0x0000000008005a60                CAN2_SCE_IRQHandler
                0x0000000008005a60                DMA2_Stream2_IRQHandler
                0x0000000008005a60                SPI1_IRQHandler
                0x0000000008005a60                TIM6_DAC_IRQHandler
                0x0000000008005a60                TIM1_BRK_TIM9_IRQHandler
                0x0000000008005a60                DCMI_IRQHandler
                0x0000000008005a60                CAN2_RX0_IRQHandler
                0x0000000008005a60                DMA2_Stream3_IRQHandler
                0x0000000008005a60                USART6_IRQHandler
                0x0000000008005a60                USART3_IRQHandler
                0x0000000008005a60                CAN1_RX1_IRQHandler
                0x0000000008005a60                UART5_IRQHandler
                0x0000000008005a60                TIM4_IRQHandler
                0x0000000008005a60                I2C1_EV_IRQHandler
                0x0000000008005a60                DMA1_Stream6_IRQHandler
                0x0000000008005a60                DMA1_Stream1_IRQHandler
                0x0000000008005a60                UART4_IRQHandler
                0x0000000008005a60                TIM3_IRQHandler
                0x0000000008005a60                RCC_IRQHandler
                0x0000000008005a60                TIM8_BRK_TIM12_IRQHandler
                0x0000000008005a60                Default_Handler
                0x0000000008005a60                EXTI15_10_IRQHandler
                0x0000000008005a60                ADC_IRQHandler
                0x0000000008005a60                DMA1_Stream7_IRQHandler
                0x0000000008005a60                TIM7_IRQHandler
                0x0000000008005a60                CAN2_TX_IRQHandler
                0x0000000008005a60                TIM5_IRQHandler
                0x0000000008005a60                DMA2_Stream7_IRQHandler
                0x0000000008005a60                I2C3_EV_IRQHandler
                0x0000000008005a60                EXTI9_5_IRQHandler
                0x0000000008005a60                RTC_WKUP_IRQHandler
                0x0000000008005a60                ETH_WKUP_IRQHandler
                0x0000000008005a60                SPI2_IRQHandler
                0x0000000008005a60                OTG_HS_EP1_IN_IRQHandler
                0x0000000008005a60                DMA1_Stream0_IRQHandler
                0x0000000008005a60                CAN1_TX_IRQHandler
                0x0000000008005a60                EXTI4_IRQHandler
                0x0000000008005a60                FSMC_IRQHandler
                0x0000000008005a60                ETH_IRQHandler
                0x0000000008005a60                OTG_HS_EP1_OUT_IRQHandler
                0x0000000008005a60                WWDG_IRQHandler
                0x0000000008005a60                OTG_FS_WKUP_IRQHandler
                0x0000000008005a60                TIM1_TRG_COM_TIM11_IRQHandler
                0x0000000008005a60                OTG_HS_IRQHandler
                0x0000000008005a60                EXTI1_IRQHandler
                0x0000000008005a60                USART2_IRQHandler
                0x0000000008005a60                I2C2_ER_IRQHandler
                0x0000000008005a60                DMA2_Stream1_IRQHandler
                0x0000000008005a60                CAN1_SCE_IRQHandler
                0x0000000008005a60                FLASH_IRQHandler
                0x0000000008005a60                DMA2_Stream4_IRQHandler
                0x0000000008005a60                USART1_IRQHandler
                0x0000000008005a60                OTG_FS_IRQHandler
                0x0000000008005a60                SPI3_IRQHandler
                0x0000000008005a60                DMA1_Stream4_IRQHandler
                0x0000000008005a60                I2C1_ER_IRQHandler
                0x0000000008005a60                DMA2_Stream6_IRQHandler
                0x0000000008005a60                DMA1_Stream3_IRQHandler
 *fill*         0x0000000008005a62        0x2 
 .text.HAL_Init
                0x0000000008005a64       0x44 ./Drivers/STM32F4xx_HAL_Driver/Src/stm32f4xx_hal.o
                0x0000000008005a64                HAL_Init
 .text.HAL_InitTick
                0x0000000008005aa8       0x60 ./Drivers/STM32F4xx_HAL_Driver/Src/stm32f4xx_hal.o
                0x0000000008005aa8                HAL_InitTick
 .text.HAL_IncTick
                0x0000000008005b08       0x28 ./Drivers/STM32F4xx_HAL_Driver/Src/stm32f4xx_hal.o
                0x0000000008005b08                HAL_IncTick
 .text.HAL_GetTick
                0x0000000008005b30       0x18 ./Drivers/STM32F4xx_HAL_Driver/Src/stm32f4xx_hal.o
                0x0000000008005b30                HAL_GetTick
 .text.HAL_Delay
                0x0000000008005b48       0x48 ./Drivers/STM32F4xx_HAL_Driver/Src/stm32f4xx_hal.o
                0x0000000008005b48                HAL_Delay
 .text.HAL_ADC_Init
                0x0000000008005b90       0x86 ./Drivers/STM32F4xx_HAL_Driver/Src/stm32f4xx_hal_adc.o
                0x0000000008005b90                HAL_ADC_Init
 *fill*         0x0000000008005c16        0x2 
 .text.HAL_ADC_ConfigChannel
                0x0000000008005c18      0x244 ./Drivers/STM32F4xx_HAL_Driver/Src/stm32f4xx_hal_adc.o
                0x0000000008005c18                HAL_ADC_ConfigChannel
 .text.ADC_Init
                0x0000000008005e5c      0x1f8 ./Drivers/STM32F4xx_HAL_Driver/Src/stm32f4xx_hal_adc.o
 .text.__NVIC_SetPriorityGrouping
                0x0000000008006054       0x48 ./Drivers/STM32F4xx_HAL_Driver/Src/stm32f4xx_hal_cortex.o
 .text.__NVIC_GetPriorityGrouping
                0x000000000800609c       0x1c ./Drivers/STM32F4xx_HAL_Driver/Src/stm32f4xx_hal_cortex.o
 .text.__NVIC_EnableIRQ
                0x00000000080060b8       0x3c ./Drivers/STM32F4xx_HAL_Driver/Src/stm32f4xx_hal_cortex.o
 .text.__NVIC_SetPriority
                0x00000000080060f4       0x54 ./Drivers/STM32F4xx_HAL_Driver/Src/stm32f4xx_hal_cortex.o
 .text.NVIC_EncodePriority
                0x0000000008006148       0x66 ./Drivers/STM32F4xx_HAL_Driver/Src/stm32f4xx_hal_cortex.o
 *fill*         0x00000000080061ae        0x2 
 .text.SysTick_Config
                0x00000000080061b0       0x44 ./Drivers/STM32F4xx_HAL_Driver/Src/stm32f4xx_hal_cortex.o
 .text.HAL_NVIC_SetPriorityGrouping
                0x00000000080061f4       0x16 ./Drivers/STM32F4xx_HAL_Driver/Src/stm32f4xx_hal_cortex.o
                0x00000000080061f4                HAL_NVIC_SetPriorityGrouping
 .text.HAL_NVIC_SetPriority
                0x000000000800620a       0x38 ./Drivers/STM32F4xx_HAL_Driver/Src/stm32f4xx_hal_cortex.o
                0x000000000800620a                HAL_NVIC_SetPriority
 .text.HAL_NVIC_EnableIRQ
                0x0000000008006242       0x1c ./Drivers/STM32F4xx_HAL_Driver/Src/stm32f4xx_hal_cortex.o
                0x0000000008006242                HAL_NVIC_EnableIRQ
 .text.HAL_SYSTICK_Config
                0x000000000800625e       0x18 ./Drivers/STM32F4xx_HAL_Driver/Src/stm32f4xx_hal_cortex.o
                0x000000000800625e                HAL_SYSTICK_Config
 *fill*         0x0000000008006276        0x2 
 .text.HAL_DMA_Init
                0x0000000008006278      0x15c ./Drivers/STM32F4xx_HAL_Driver/Src/stm32f4xx_hal_dma.o
                0x0000000008006278                HAL_DMA_Init
 .text.HAL_DMA_IRQHandler
                0x00000000080063d4      0x314 ./Drivers/STM32F4xx_HAL_Driver/Src/stm32f4xx_hal_dma.o
                0x00000000080063d4                HAL_DMA_IRQHandler
 .text.DMA_CalcBaseAndBitshift
                0x00000000080066e8       0x6c ./Drivers/STM32F4xx_HAL_Driver/Src/stm32f4xx_hal_dma.o
 .text.DMA_CheckFifoParam
                0x0000000008006754       0xf8 ./Drivers/STM32F4xx_HAL_Driver/Src/stm32f4xx_hal_dma.o
 .text.HAL_GPIO_Init
                0x000000000800684c      0x338 ./Drivers/STM32F4xx_HAL_Driver/Src/stm32f4xx_hal_gpio.o
                0x000000000800684c                HAL_GPIO_Init
 .text.HAL_GPIO_ReadPin
                0x0000000008006b84       0x30 ./Drivers/STM32F4xx_HAL_Driver/Src/stm32f4xx_hal_gpio.o
                0x0000000008006b84                HAL_GPIO_ReadPin
 .text.HAL_GPIO_WritePin
                0x0000000008006bb4       0x32 ./Drivers/STM32F4xx_HAL_Driver/Src/stm32f4xx_hal_gpio.o
                0x0000000008006bb4                HAL_GPIO_WritePin
 *fill*         0x0000000008006be6        0x2 
 .text.HAL_I2C_Init
                0x0000000008006be8      0x288 ./Drivers/STM32F4xx_HAL_Driver/Src/stm32f4xx_hal_i2c.o
                0x0000000008006be8                HAL_I2C_Init
 .text.HAL_I2C_Mem_Write
                0x0000000008006e70      0x1f4 ./Drivers/STM32F4xx_HAL_Driver/Src/stm32f4xx_hal_i2c.o
                0x0000000008006e70                HAL_I2C_Mem_Write
 .text.HAL_I2C_Mem_Read
                0x0000000008007064      0x44c ./Drivers/STM32F4xx_HAL_Driver/Src/stm32f4xx_hal_i2c.o
                0x0000000008007064                HAL_I2C_Mem_Read
 .text.I2C_RequestMemoryWrite
                0x00000000080074b0      0x12c ./Drivers/STM32F4xx_HAL_Driver/Src/stm32f4xx_hal_i2c.o
 .text.I2C_RequestMemoryRead
                0x00000000080075dc      0x1d0 ./Drivers/STM32F4xx_HAL_Driver/Src/stm32f4xx_hal_i2c.o
 .text.I2C_WaitOnFlagUntilTimeout
                0x00000000080077ac       0xae ./Drivers/STM32F4xx_HAL_Driver/Src/stm32f4xx_hal_i2c.o
 .text.I2C_WaitOnMasterAddressFlagUntilTimeout
                0x000000000800785a       0xfe ./Drivers/STM32F4xx_HAL_Driver/Src/stm32f4xx_hal_i2c.o
 .text.I2C_WaitOnTXEFlagUntilTimeout
                0x0000000008007958       0x82 ./Drivers/STM32F4xx_HAL_Driver/Src/stm32f4xx_hal_i2c.o
 .text.I2C_WaitOnBTFFlagUntilTimeout
                0x00000000080079da       0x82 ./Drivers/STM32F4xx_HAL_Driver/Src/stm32f4xx_hal_i2c.o
 .text.I2C_WaitOnRXNEFlagUntilTimeout
                0x0000000008007a5c       0xac ./Drivers/STM32F4xx_HAL_Driver/Src/stm32f4xx_hal_i2c.o
 .text.I2C_IsAcknowledgeFailed
                0x0000000008007b08       0x5e ./Drivers/STM32F4xx_HAL_Driver/Src/stm32f4xx_hal_i2c.o
 *fill*         0x0000000008007b66        0x2 
 .text.HAL_RCC_OscConfig
                0x0000000008007b68      0x4f0 ./Drivers/STM32F4xx_HAL_Driver/Src/stm32f4xx_hal_rcc.o
                0x0000000008007b68                HAL_RCC_OscConfig
 .text.HAL_RCC_ClockConfig
                0x0000000008008058      0x1cc ./Drivers/STM32F4xx_HAL_Driver/Src/stm32f4xx_hal_rcc.o
                0x0000000008008058                HAL_RCC_ClockConfig
 .text.HAL_RCC_GetSysClockFreq
                0x0000000008008224      0x1c4 ./Drivers/STM32F4xx_HAL_Driver/Src/stm32f4xx_hal_rcc.o
                0x0000000008008224                HAL_RCC_GetSysClockFreq
 .text.HAL_RCC_GetHCLKFreq
                0x00000000080083e8       0x18 ./Drivers/STM32F4xx_HAL_Driver/Src/stm32f4xx_hal_rcc.o
                0x00000000080083e8                HAL_RCC_GetHCLKFreq
 .text.HAL_RCC_GetPCLK1Freq
                0x0000000008008400       0x28 ./Drivers/STM32F4xx_HAL_Driver/Src/stm32f4xx_hal_rcc.o
                0x0000000008008400                HAL_RCC_GetPCLK1Freq
 .text.HAL_SPI_Init
                0x0000000008008428      0x112 ./Drivers/STM32F4xx_HAL_Driver/Src/stm32f4xx_hal_spi.o
                0x0000000008008428                HAL_SPI_Init
 .text.HAL_SPI_Transmit
                0x000000000800853a      0x278 ./Drivers/STM32F4xx_HAL_Driver/Src/stm32f4xx_hal_spi.o
                0x000000000800853a                HAL_SPI_Transmit
 .text.HAL_SPI_Receive
                0x00000000080087b2      0x222 ./Drivers/STM32F4xx_HAL_Driver/Src/stm32f4xx_hal_spi.o
                0x00000000080087b2                HAL_SPI_Receive
 .text.HAL_SPI_TransmitReceive
                0x00000000080089d4      0x344 ./Drivers/STM32F4xx_HAL_Driver/Src/stm32f4xx_hal_spi.o
                0x00000000080089d4                HAL_SPI_TransmitReceive
 .text.SPI_WaitFlagStateUntilTimeout
                0x0000000008008d18      0x110 ./Drivers/STM32F4xx_HAL_Driver/Src/stm32f4xx_hal_spi.o
 .text.SPI_EndRxTransaction
                0x0000000008008e28       0xca ./Drivers/STM32F4xx_HAL_Driver/Src/stm32f4xx_hal_spi.o
 *fill*         0x0000000008008ef2        0x2 
 .text.SPI_EndRxTxTransaction
                0x0000000008008ef4       0x84 ./Drivers/STM32F4xx_HAL_Driver/Src/stm32f4xx_hal_spi.o
 .text.HAL_SRAM_Init
                0x0000000008008f78       0x88 ./Drivers/STM32F4xx_HAL_Driver/Src/stm32f4xx_hal_sram.o
                0x0000000008008f78                HAL_SRAM_Init
 .text.HAL_TIM_Base_Init
                0x0000000008009000       0x9e ./Drivers/STM32F4xx_HAL_Driver/Src/stm32f4xx_hal_tim.o
                0x0000000008009000                HAL_TIM_Base_Init
 *fill*         0x000000000800909e        0x2 
 .text.HAL_TIM_Base_Start
                0x00000000080090a0       0xd0 ./Drivers/STM32F4xx_HAL_Driver/Src/stm32f4xx_hal_tim.o
                0x00000000080090a0                HAL_TIM_Base_Start
 .text.HAL_TIM_Base_Start_IT
                0x0000000008009170       0xe0 ./Drivers/STM32F4xx_HAL_Driver/Src/stm32f4xx_hal_tim.o
                0x0000000008009170                HAL_TIM_Base_Start_IT
 .text.HAL_TIM_PWM_Init
                0x0000000008009250       0x9e ./Drivers/STM32F4xx_HAL_Driver/Src/stm32f4xx_hal_tim.o
                0x0000000008009250                HAL_TIM_PWM_Init
 .text.HAL_TIM_PWM_MspInit
                0x00000000080092ee       0x14 ./Drivers/STM32F4xx_HAL_Driver/Src/stm32f4xx_hal_tim.o
                0x00000000080092ee                HAL_TIM_PWM_MspInit
 *fill*         0x0000000008009302        0x2 
 .text.HAL_TIM_PWM_Start
                0x0000000008009304      0x190 ./Drivers/STM32F4xx_HAL_Driver/Src/stm32f4xx_hal_tim.o
                0x0000000008009304                HAL_TIM_PWM_Start
 .text.HAL_TIM_IRQHandler
                0x0000000008009494      0x210 ./Drivers/STM32F4xx_HAL_Driver/Src/stm32f4xx_hal_tim.o
                0x0000000008009494                HAL_TIM_IRQHandler
 .text.HAL_TIM_PWM_ConfigChannel
                0x00000000080096a4      0x184 ./Drivers/STM32F4xx_HAL_Driver/Src/stm32f4xx_hal_tim.o
                0x00000000080096a4                HAL_TIM_PWM_ConfigChannel
 .text.HAL_TIM_ConfigClockSource
                0x0000000008009828      0x18e ./Drivers/STM32F4xx_HAL_Driver/Src/stm32f4xx_hal_tim.o
                0x0000000008009828                HAL_TIM_ConfigClockSource
 .text.HAL_TIM_OC_DelayElapsedCallback
                0x00000000080099b6       0x14 ./Drivers/STM32F4xx_HAL_Driver/Src/stm32f4xx_hal_tim.o
                0x00000000080099b6                HAL_TIM_OC_DelayElapsedCallback
 .text.HAL_TIM_IC_CaptureCallback
                0x00000000080099ca       0x14 ./Drivers/STM32F4xx_HAL_Driver/Src/stm32f4xx_hal_tim.o
                0x00000000080099ca                HAL_TIM_IC_CaptureCallback
 .text.HAL_TIM_PWM_PulseFinishedCallback
                0x00000000080099de       0x14 ./Drivers/STM32F4xx_HAL_Driver/Src/stm32f4xx_hal_tim.o
                0x00000000080099de                HAL_TIM_PWM_PulseFinishedCallback
 .text.HAL_TIM_TriggerCallback
                0x00000000080099f2       0x14 ./Drivers/STM32F4xx_HAL_Driver/Src/stm32f4xx_hal_tim.o
                0x00000000080099f2                HAL_TIM_TriggerCallback
 *fill*         0x0000000008009a06        0x2 
 .text.TIM_Base_SetConfig
                0x0000000008009a08      0x140 ./Drivers/STM32F4xx_HAL_Driver/Src/stm32f4xx_hal_tim.o
                0x0000000008009a08                TIM_Base_SetConfig
 .text.TIM_OC1_SetConfig
                0x0000000008009b48       0xe0 ./Drivers/STM32F4xx_HAL_Driver/Src/stm32f4xx_hal_tim.o
 .text.TIM_OC2_SetConfig
                0x0000000008009c28       0xec ./Drivers/STM32F4xx_HAL_Driver/Src/stm32f4xx_hal_tim.o
                0x0000000008009c28                TIM_OC2_SetConfig
 .text.TIM_OC3_SetConfig
                0x0000000008009d14       0xe8 ./Drivers/STM32F4xx_HAL_Driver/Src/stm32f4xx_hal_tim.o
 .text.TIM_OC4_SetConfig
                0x0000000008009dfc       0xac ./Drivers/STM32F4xx_HAL_Driver/Src/stm32f4xx_hal_tim.o
 .text.TIM_TI1_ConfigInputStage
                0x0000000008009ea8       0x5e ./Drivers/STM32F4xx_HAL_Driver/Src/stm32f4xx_hal_tim.o
 .text.TIM_TI2_ConfigInputStage
                0x0000000008009f06       0x60 ./Drivers/STM32F4xx_HAL_Driver/Src/stm32f4xx_hal_tim.o
 .text.TIM_ITRx_SetConfig
                0x0000000008009f66       0x36 ./Drivers/STM32F4xx_HAL_Driver/Src/stm32f4xx_hal_tim.o
 .text.TIM_ETR_SetConfig
                0x0000000008009f9c       0x40 ./Drivers/STM32F4xx_HAL_Driver/Src/stm32f4xx_hal_tim.o
                0x0000000008009f9c                TIM_ETR_SetConfig
 .text.TIM_CCxChannelCmd
                0x0000000008009fdc       0x4a ./Drivers/STM32F4xx_HAL_Driver/Src/stm32f4xx_hal_tim.o
                0x0000000008009fdc                TIM_CCxChannelCmd
 *fill*         0x000000000800a026        0x2 
 .text.HAL_TIMEx_MasterConfigSynchronization
                0x000000000800a028       0xf8 ./Drivers/STM32F4xx_HAL_Driver/Src/stm32f4xx_hal_tim_ex.o
                0x000000000800a028                HAL_TIMEx_MasterConfigSynchronization
 .text.HAL_TIMEx_CommutCallback
                0x000000000800a120       0x14 ./Drivers/STM32F4xx_HAL_Driver/Src/stm32f4xx_hal_tim_ex.o
                0x000000000800a120                HAL_TIMEx_CommutCallback
 .text.HAL_TIMEx_BreakCallback
                0x000000000800a134       0x14 ./Drivers/STM32F4xx_HAL_Driver/Src/stm32f4xx_hal_tim_ex.o
                0x000000000800a134                HAL_TIMEx_BreakCallback
 .text.FSMC_NORSRAM_Init
                0x000000000800a148       0xa4 ./Drivers/STM32F4xx_HAL_Driver/Src/stm32f4xx_ll_fsmc.o
                0x000000000800a148                FSMC_NORSRAM_Init
 .text.FSMC_NORSRAM_Timing_Init
                0x000000000800a1ec       0x7a ./Drivers/STM32F4xx_HAL_Driver/Src/stm32f4xx_ll_fsmc.o
                0x000000000800a1ec                FSMC_NORSRAM_Timing_Init
 *fill*         0x000000000800a266        0x2 
 .text.FSMC_NORSRAM_Extended_Timing_Init
                0x000000000800a268       0x80 ./Drivers/STM32F4xx_HAL_Driver/Src/stm32f4xx_ll_fsmc.o
                0x000000000800a268                FSMC_NORSRAM_Extended_Timing_Init
 .text.__errno  0x000000000800a2e8        0xc c:/st/stm32cubeide_1.7.0/stm32cubeide/plugins/com.st.stm32cube.ide.mcu.externaltools.gnu-tools-for-stm32.9-2020-q2-update.win32_2.0.0.202105311346/tools/bin/../lib/gcc/arm-none-eabi/9.3.1/../../../../arm-none-eabi/lib/thumb/v7e-m+fp/hard\libc_nano.a(lib_a-errno.o)
                0x000000000800a2e8                __errno
 .text.__libc_init_array
                0x000000000800a2f4       0x48 c:/st/stm32cubeide_1.7.0/stm32cubeide/plugins/com.st.stm32cube.ide.mcu.externaltools.gnu-tools-for-stm32.9-2020-q2-update.win32_2.0.0.202105311346/tools/bin/../lib/gcc/arm-none-eabi/9.3.1/../../../../arm-none-eabi/lib/thumb/v7e-m+fp/hard\libc_nano.a(lib_a-init.o)
                0x000000000800a2f4                __libc_init_array
 .text.malloc   0x000000000800a33c       0x10 c:/st/stm32cubeide_1.7.0/stm32cubeide/plugins/com.st.stm32cube.ide.mcu.externaltools.gnu-tools-for-stm32.9-2020-q2-update.win32_2.0.0.202105311346/tools/bin/../lib/gcc/arm-none-eabi/9.3.1/../../../../arm-none-eabi/lib/thumb/v7e-m+fp/hard\libc_nano.a(lib_a-malloc.o)
                0x000000000800a33c                malloc
 .text.memset   0x000000000800a34c       0x10 c:/st/stm32cubeide_1.7.0/stm32cubeide/plugins/com.st.stm32cube.ide.mcu.externaltools.gnu-tools-for-stm32.9-2020-q2-update.win32_2.0.0.202105311346/tools/bin/../lib/gcc/arm-none-eabi/9.3.1/../../../../arm-none-eabi/lib/thumb/v7e-m+fp/hard\libc_nano.a(lib_a-memset.o)
                0x000000000800a34c                memset
 .text._free_r  0x000000000800a35c       0xa0 c:/st/stm32cubeide_1.7.0/stm32cubeide/plugins/com.st.stm32cube.ide.mcu.externaltools.gnu-tools-for-stm32.9-2020-q2-update.win32_2.0.0.202105311346/tools/bin/../lib/gcc/arm-none-eabi/9.3.1/../../../../arm-none-eabi/lib/thumb/v7e-m+fp/hard\libc_nano.a(lib_a-nano-freer.o)
                0x000000000800a35c                _free_r
 .text._malloc_r
                0x000000000800a3fc       0xb4 c:/st/stm32cubeide_1.7.0/stm32cubeide/plugins/com.st.stm32cube.ide.mcu.externaltools.gnu-tools-for-stm32.9-2020-q2-update.win32_2.0.0.202105311346/tools/bin/../lib/gcc/arm-none-eabi/9.3.1/../../../../arm-none-eabi/lib/thumb/v7e-m+fp/hard\libc_nano.a(lib_a-nano-mallocr.o)
                0x000000000800a3fc                _malloc_r
 .text.rand     0x000000000800a4b0       0x80 c:/st/stm32cubeide_1.7.0/stm32cubeide/plugins/com.st.stm32cube.ide.mcu.externaltools.gnu-tools-for-stm32.9-2020-q2-update.win32_2.0.0.202105311346/tools/bin/../lib/gcc/arm-none-eabi/9.3.1/../../../../arm-none-eabi/lib/thumb/v7e-m+fp/hard\libc_nano.a(lib_a-rand.o)
                0x000000000800a4b0                rand
 .text._sbrk_r  0x000000000800a530       0x20 c:/st/stm32cubeide_1.7.0/stm32cubeide/plugins/com.st.stm32cube.ide.mcu.externaltools.gnu-tools-for-stm32.9-2020-q2-update.win32_2.0.0.202105311346/tools/bin/../lib/gcc/arm-none-eabi/9.3.1/../../../../arm-none-eabi/lib/thumb/v7e-m+fp/hard\libc_nano.a(lib_a-sbrkr.o)
                0x000000000800a530                _sbrk_r
 .text.sprintf  0x000000000800a550       0x40 c:/st/stm32cubeide_1.7.0/stm32cubeide/plugins/com.st.stm32cube.ide.mcu.externaltools.gnu-tools-for-stm32.9-2020-q2-update.win32_2.0.0.202105311346/tools/bin/../lib/gcc/arm-none-eabi/9.3.1/../../../../arm-none-eabi/lib/thumb/v7e-m+fp/hard\libc_nano.a(lib_a-sprintf.o)
                0x000000000800a550                siprintf
                0x000000000800a550                sprintf
 .text.__assert_func
                0x000000000800a590       0x3c c:/st/stm32cubeide_1.7.0/stm32cubeide/plugins/com.st.stm32cube.ide.mcu.externaltools.gnu-tools-for-stm32.9-2020-q2-update.win32_2.0.0.202105311346/tools/bin/../lib/gcc/arm-none-eabi/9.3.1/../../../../arm-none-eabi/lib/thumb/v7e-m+fp/hard\libc_nano.a(lib_a-assert.o)
                0x000000000800a590                __assert_func
 .text.fprintf  0x000000000800a5cc       0x24 c:/st/stm32cubeide_1.7.0/stm32cubeide/plugins/com.st.stm32cube.ide.mcu.externaltools.gnu-tools-for-stm32.9-2020-q2-update.win32_2.0.0.202105311346/tools/bin/../lib/gcc/arm-none-eabi/9.3.1/../../../../arm-none-eabi/lib/thumb/v7e-m+fp/hard\libc_nano.a(lib_a-fprintf.o)
                0x000000000800a5cc                fiprintf
                0x000000000800a5cc                fprintf
 .text.__malloc_lock
                0x000000000800a5f0        0xc c:/st/stm32cubeide_1.7.0/stm32cubeide/plugins/com.st.stm32cube.ide.mcu.externaltools.gnu-tools-for-stm32.9-2020-q2-update.win32_2.0.0.202105311346/tools/bin/../lib/gcc/arm-none-eabi/9.3.1/../../../../arm-none-eabi/lib/thumb/v7e-m+fp/hard\libc_nano.a(lib_a-mlock.o)
                0x000000000800a5f0                __malloc_lock
 .text.__malloc_unlock
                0x000000000800a5fc        0xc c:/st/stm32cubeide_1.7.0/stm32cubeide/plugins/com.st.stm32cube.ide.mcu.externaltools.gnu-tools-for-stm32.9-2020-q2-update.win32_2.0.0.202105311346/tools/bin/../lib/gcc/arm-none-eabi/9.3.1/../../../../arm-none-eabi/lib/thumb/v7e-m+fp/hard\libc_nano.a(lib_a-mlock.o)
                0x000000000800a5fc                __malloc_unlock
 .text.__ssputs_r
                0x000000000800a608       0xb6 c:/st/stm32cubeide_1.7.0/stm32cubeide/plugins/com.st.stm32cube.ide.mcu.externaltools.gnu-tools-for-stm32.9-2020-q2-update.win32_2.0.0.202105311346/tools/bin/../lib/gcc/arm-none-eabi/9.3.1/../../../../arm-none-eabi/lib/thumb/v7e-m+fp/hard\libc_nano.a(lib_a-nano-svfprintf.o)
                0x000000000800a608                __ssputs_r
 *fill*         0x000000000800a6be        0x2 
 .text._svfprintf_r
                0x000000000800a6c0      0x200 c:/st/stm32cubeide_1.7.0/stm32cubeide/plugins/com.st.stm32cube.ide.mcu.externaltools.gnu-tools-for-stm32.9-2020-q2-update.win32_2.0.0.202105311346/tools/bin/../lib/gcc/arm-none-eabi/9.3.1/../../../../arm-none-eabi/lib/thumb/v7e-m+fp/hard\libc_nano.a(lib_a-nano-svfprintf.o)
                0x000000000800a6c0                _svfiprintf_r
                0x000000000800a6c0                _svfprintf_r
 .text.__sfputc_r
                0x000000000800a8c0       0x2e c:/st/stm32cubeide_1.7.0/stm32cubeide/plugins/com.st.stm32cube.ide.mcu.externaltools.gnu-tools-for-stm32.9-2020-q2-update.win32_2.0.0.202105311346/tools/bin/../lib/gcc/arm-none-eabi/9.3.1/../../../../arm-none-eabi/lib/thumb/v7e-m+fp/hard\libc_nano.a(lib_a-nano-vfprintf.o)
 .text.__sfputs_r
                0x000000000800a8ee       0x24 c:/st/stm32cubeide_1.7.0/stm32cubeide/plugins/com.st.stm32cube.ide.mcu.externaltools.gnu-tools-for-stm32.9-2020-q2-update.win32_2.0.0.202105311346/tools/bin/../lib/gcc/arm-none-eabi/9.3.1/../../../../arm-none-eabi/lib/thumb/v7e-m+fp/hard\libc_nano.a(lib_a-nano-vfprintf.o)
                0x000000000800a8ee                __sfputs_r
 *fill*         0x000000000800a912        0x2 
 .text._vfprintf_r
                0x000000000800a914      0x260 c:/st/stm32cubeide_1.7.0/stm32cubeide/plugins/com.st.stm32cube.ide.mcu.externaltools.gnu-tools-for-stm32.9-2020-q2-update.win32_2.0.0.202105311346/tools/bin/../lib/gcc/arm-none-eabi/9.3.1/../../../../arm-none-eabi/lib/thumb/v7e-m+fp/hard\libc_nano.a(lib_a-nano-vfprintf.o)
                0x000000000800a914                _vfprintf_r
                0x000000000800a914                _vfiprintf_r
 .text._printf_common
                0x000000000800ab74       0xda c:/st/stm32cubeide_1.7.0/stm32cubeide/plugins/com.st.stm32cube.ide.mcu.externaltools.gnu-tools-for-stm32.9-2020-q2-update.win32_2.0.0.202105311346/tools/bin/../lib/gcc/arm-none-eabi/9.3.1/../../../../arm-none-eabi/lib/thumb/v7e-m+fp/hard\libc_nano.a(lib_a-nano-vfprintf_i.o)
                0x000000000800ab74                _printf_common
 *fill*         0x000000000800ac4e        0x2 
 .text._printf_i
                0x000000000800ac50      0x24c c:/st/stm32cubeide_1.7.0/stm32cubeide/plugins/com.st.stm32cube.ide.mcu.externaltools.gnu-tools-for-stm32.9-2020-q2-update.win32_2.0.0.202105311346/tools/bin/../lib/gcc/arm-none-eabi/9.3.1/../../../../arm-none-eabi/lib/thumb/v7e-m+fp/hard\libc_nano.a(lib_a-nano-vfprintf_i.o)
                0x000000000800ac50                _printf_i
 .text.__swbuf_r
                0x000000000800ae9c       0xa4 c:/st/stm32cubeide_1.7.0/stm32cubeide/plugins/com.st.stm32cube.ide.mcu.externaltools.gnu-tools-for-stm32.9-2020-q2-update.win32_2.0.0.202105311346/tools/bin/../lib/gcc/arm-none-eabi/9.3.1/../../../../arm-none-eabi/lib/thumb/v7e-m+fp/hard\libc_nano.a(lib_a-wbuf.o)
                0x000000000800ae9c                __swbuf_r
 .text.__swsetup_r
                0x000000000800af40       0xdc c:/st/stm32cubeide_1.7.0/stm32cubeide/plugins/com.st.stm32cube.ide.mcu.externaltools.gnu-tools-for-stm32.9-2020-q2-update.win32_2.0.0.202105311346/tools/bin/../lib/gcc/arm-none-eabi/9.3.1/../../../../arm-none-eabi/lib/thumb/v7e-m+fp/hard\libc_nano.a(lib_a-wsetup.o)
                0x000000000800af40                __swsetup_r
 .text.abort    0x000000000800b01c        0xe c:/st/stm32cubeide_1.7.0/stm32cubeide/plugins/com.st.stm32cube.ide.mcu.externaltools.gnu-tools-for-stm32.9-2020-q2-update.win32_2.0.0.202105311346/tools/bin/../lib/gcc/arm-none-eabi/9.3.1/../../../../arm-none-eabi/lib/thumb/v7e-m+fp/hard\libc_nano.a(lib_a-abort.o)
                0x000000000800b01c                abort
 *fill*         0x000000000800b02a        0x2 
 .text.__sflush_r
                0x000000000800b02c      0x10c c:/st/stm32cubeide_1.7.0/stm32cubeide/plugins/com.st.stm32cube.ide.mcu.externaltools.gnu-tools-for-stm32.9-2020-q2-update.win32_2.0.0.202105311346/tools/bin/../lib/gcc/arm-none-eabi/9.3.1/../../../../arm-none-eabi/lib/thumb/v7e-m+fp/hard\libc_nano.a(lib_a-fflush.o)
                0x000000000800b02c                __sflush_r
 .text._fflush_r
                0x000000000800b138       0x78 c:/st/stm32cubeide_1.7.0/stm32cubeide/plugins/com.st.stm32cube.ide.mcu.externaltools.gnu-tools-for-stm32.9-2020-q2-update.win32_2.0.0.202105311346/tools/bin/../lib/gcc/arm-none-eabi/9.3.1/../../../../arm-none-eabi/lib/thumb/v7e-m+fp/hard\libc_nano.a(lib_a-fflush.o)
                0x000000000800b138                _fflush_r
 .text.std      0x000000000800b1b0       0x48 c:/st/stm32cubeide_1.7.0/stm32cubeide/plugins/com.st.stm32cube.ide.mcu.externaltools.gnu-tools-for-stm32.9-2020-q2-update.win32_2.0.0.202105311346/tools/bin/../lib/gcc/arm-none-eabi/9.3.1/../../../../arm-none-eabi/lib/thumb/v7e-m+fp/hard\libc_nano.a(lib_a-findfp.o)
 .text._cleanup_r
                0x000000000800b1f8        0xc c:/st/stm32cubeide_1.7.0/stm32cubeide/plugins/com.st.stm32cube.ide.mcu.externaltools.gnu-tools-for-stm32.9-2020-q2-update.win32_2.0.0.202105311346/tools/bin/../lib/gcc/arm-none-eabi/9.3.1/../../../../arm-none-eabi/lib/thumb/v7e-m+fp/hard\libc_nano.a(lib_a-findfp.o)
                0x000000000800b1f8                _cleanup_r
 .text.__sfmoreglue
                0x000000000800b204       0x2c c:/st/stm32cubeide_1.7.0/stm32cubeide/plugins/com.st.stm32cube.ide.mcu.externaltools.gnu-tools-for-stm32.9-2020-q2-update.win32_2.0.0.202105311346/tools/bin/../lib/gcc/arm-none-eabi/9.3.1/../../../../arm-none-eabi/lib/thumb/v7e-m+fp/hard\libc_nano.a(lib_a-findfp.o)
                0x000000000800b204                __sfmoreglue
 .text.__sfp_lock_acquire
                0x000000000800b230        0xc c:/st/stm32cubeide_1.7.0/stm32cubeide/plugins/com.st.stm32cube.ide.mcu.externaltools.gnu-tools-for-stm32.9-2020-q2-update.win32_2.0.0.202105311346/tools/bin/../lib/gcc/arm-none-eabi/9.3.1/../../../../arm-none-eabi/lib/thumb/v7e-m+fp/hard\libc_nano.a(lib_a-findfp.o)
                0x000000000800b230                __sfp_lock_acquire
 .text.__sfp_lock_release
                0x000000000800b23c        0xc c:/st/stm32cubeide_1.7.0/stm32cubeide/plugins/com.st.stm32cube.ide.mcu.externaltools.gnu-tools-for-stm32.9-2020-q2-update.win32_2.0.0.202105311346/tools/bin/../lib/gcc/arm-none-eabi/9.3.1/../../../../arm-none-eabi/lib/thumb/v7e-m+fp/hard\libc_nano.a(lib_a-findfp.o)
                0x000000000800b23c                __sfp_lock_release
 .text.__sinit_lock_acquire
                0x000000000800b248        0xc c:/st/stm32cubeide_1.7.0/stm32cubeide/plugins/com.st.stm32cube.ide.mcu.externaltools.gnu-tools-for-stm32.9-2020-q2-update.win32_2.0.0.202105311346/tools/bin/../lib/gcc/arm-none-eabi/9.3.1/../../../../arm-none-eabi/lib/thumb/v7e-m+fp/hard\libc_nano.a(lib_a-findfp.o)
                0x000000000800b248                __sinit_lock_acquire
 .text.__sinit_lock_release
                0x000000000800b254        0xc c:/st/stm32cubeide_1.7.0/stm32cubeide/plugins/com.st.stm32cube.ide.mcu.externaltools.gnu-tools-for-stm32.9-2020-q2-update.win32_2.0.0.202105311346/tools/bin/../lib/gcc/arm-none-eabi/9.3.1/../../../../arm-none-eabi/lib/thumb/v7e-m+fp/hard\libc_nano.a(lib_a-findfp.o)
                0x000000000800b254                __sinit_lock_release
 .text.__sinit  0x000000000800b260       0x70 c:/st/stm32cubeide_1.7.0/stm32cubeide/plugins/com.st.stm32cube.ide.mcu.externaltools.gnu-tools-for-stm32.9-2020-q2-update.win32_2.0.0.202105311346/tools/bin/../lib/gcc/arm-none-eabi/9.3.1/../../../../arm-none-eabi/lib/thumb/v7e-m+fp/hard\libc_nano.a(lib_a-findfp.o)
                0x000000000800b260                __sinit
 .text.__sfp    0x000000000800b2d0       0x8c c:/st/stm32cubeide_1.7.0/stm32cubeide/plugins/com.st.stm32cube.ide.mcu.externaltools.gnu-tools-for-stm32.9-2020-q2-update.win32_2.0.0.202105311346/tools/bin/../lib/gcc/arm-none-eabi/9.3.1/../../../../arm-none-eabi/lib/thumb/v7e-m+fp/hard\libc_nano.a(lib_a-findfp.o)
                0x000000000800b2d0                __sfp
 .text._fwalk_reent
                0x000000000800b35c       0x3e c:/st/stm32cubeide_1.7.0/stm32cubeide/plugins/com.st.stm32cube.ide.mcu.externaltools.gnu-tools-for-stm32.9-2020-q2-update.win32_2.0.0.202105311346/tools/bin/../lib/gcc/arm-none-eabi/9.3.1/../../../../arm-none-eabi/lib/thumb/v7e-m+fp/hard\libc_nano.a(lib_a-fwalk.o)
                0x000000000800b35c                _fwalk_reent
 .text.__retarget_lock_init_recursive
                0x000000000800b39a        0x2 c:/st/stm32cubeide_1.7.0/stm32cubeide/plugins/com.st.stm32cube.ide.mcu.externaltools.gnu-tools-for-stm32.9-2020-q2-update.win32_2.0.0.202105311346/tools/bin/../lib/gcc/arm-none-eabi/9.3.1/../../../../arm-none-eabi/lib/thumb/v7e-m+fp/hard\libc_nano.a(lib_a-lock.o)
                0x000000000800b39a                __retarget_lock_init_recursive
 .text.__retarget_lock_acquire_recursive
                0x000000000800b39c        0x2 c:/st/stm32cubeide_1.7.0/stm32cubeide/plugins/com.st.stm32cube.ide.mcu.externaltools.gnu-tools-for-stm32.9-2020-q2-update.win32_2.0.0.202105311346/tools/bin/../lib/gcc/arm-none-eabi/9.3.1/../../../../arm-none-eabi/lib/thumb/v7e-m+fp/hard\libc_nano.a(lib_a-lock.o)
                0x000000000800b39c                __retarget_lock_acquire_recursive
 .text.__retarget_lock_release_recursive
                0x000000000800b39e        0x2 c:/st/stm32cubeide_1.7.0/stm32cubeide/plugins/com.st.stm32cube.ide.mcu.externaltools.gnu-tools-for-stm32.9-2020-q2-update.win32_2.0.0.202105311346/tools/bin/../lib/gcc/arm-none-eabi/9.3.1/../../../../arm-none-eabi/lib/thumb/v7e-m+fp/hard\libc_nano.a(lib_a-lock.o)
                0x000000000800b39e                __retarget_lock_release_recursive
 .text.__swhatbuf_r
                0x000000000800b3a0       0x48 c:/st/stm32cubeide_1.7.0/stm32cubeide/plugins/com.st.stm32cube.ide.mcu.externaltools.gnu-tools-for-stm32.9-2020-q2-update.win32_2.0.0.202105311346/tools/bin/../lib/gcc/arm-none-eabi/9.3.1/../../../../arm-none-eabi/lib/thumb/v7e-m+fp/hard\libc_nano.a(lib_a-makebuf.o)
                0x000000000800b3a0                __swhatbuf_r
 .text.__smakebuf_r
                0x000000000800b3e8       0x80 c:/st/stm32cubeide_1.7.0/stm32cubeide/plugins/com.st.stm32cube.ide.mcu.externaltools.gnu-tools-for-stm32.9-2020-q2-update.win32_2.0.0.202105311346/tools/bin/../lib/gcc/arm-none-eabi/9.3.1/../../../../arm-none-eabi/lib/thumb/v7e-m+fp/hard\libc_nano.a(lib_a-makebuf.o)
                0x000000000800b3e8                __smakebuf_r
 .text.memcpy   0x000000000800b468       0x1c c:/st/stm32cubeide_1.7.0/stm32cubeide/plugins/com.st.stm32cube.ide.mcu.externaltools.gnu-tools-for-stm32.9-2020-q2-update.win32_2.0.0.202105311346/tools/bin/../lib/gcc/arm-none-eabi/9.3.1/../../../../arm-none-eabi/lib/thumb/v7e-m+fp/hard\libc_nano.a(lib_a-memcpy-stub.o)
                0x000000000800b468                memcpy
 .text.memmove  0x000000000800b484       0x34 c:/st/stm32cubeide_1.7.0/stm32cubeide/plugins/com.st.stm32cube.ide.mcu.externaltools.gnu-tools-for-stm32.9-2020-q2-update.win32_2.0.0.202105311346/tools/bin/../lib/gcc/arm-none-eabi/9.3.1/../../../../arm-none-eabi/lib/thumb/v7e-m+fp/hard\libc_nano.a(lib_a-memmove.o)
                0x000000000800b484                memmove
 .text._realloc_r
                0x000000000800b4b8       0x4c c:/st/stm32cubeide_1.7.0/stm32cubeide/plugins/com.st.stm32cube.ide.mcu.externaltools.gnu-tools-for-stm32.9-2020-q2-update.win32_2.0.0.202105311346/tools/bin/../lib/gcc/arm-none-eabi/9.3.1/../../../../arm-none-eabi/lib/thumb/v7e-m+fp/hard\libc_nano.a(lib_a-nano-reallocr.o)
                0x000000000800b4b8                _realloc_r
 .text._raise_r
                0x000000000800b504       0x50 c:/st/stm32cubeide_1.7.0/stm32cubeide/plugins/com.st.stm32cube.ide.mcu.externaltools.gnu-tools-for-stm32.9-2020-q2-update.win32_2.0.0.202105311346/tools/bin/../lib/gcc/arm-none-eabi/9.3.1/../../../../arm-none-eabi/lib/thumb/v7e-m+fp/hard\libc_nano.a(lib_a-signal.o)
                0x000000000800b504                _raise_r
 .text.raise    0x000000000800b554       0x10 c:/st/stm32cubeide_1.7.0/stm32cubeide/plugins/com.st.stm32cube.ide.mcu.externaltools.gnu-tools-for-stm32.9-2020-q2-update.win32_2.0.0.202105311346/tools/bin/../lib/gcc/arm-none-eabi/9.3.1/../../../../arm-none-eabi/lib/thumb/v7e-m+fp/hard\libc_nano.a(lib_a-signal.o)
                0x000000000800b554                raise
 .text._kill_r  0x000000000800b564       0x24 c:/st/stm32cubeide_1.7.0/stm32cubeide/plugins/com.st.stm32cube.ide.mcu.externaltools.gnu-tools-for-stm32.9-2020-q2-update.win32_2.0.0.202105311346/tools/bin/../lib/gcc/arm-none-eabi/9.3.1/../../../../arm-none-eabi/lib/thumb/v7e-m+fp/hard\libc_nano.a(lib_a-signalr.o)
                0x000000000800b564                _kill_r
 .text._getpid_r
                0x000000000800b588        0x4 c:/st/stm32cubeide_1.7.0/stm32cubeide/plugins/com.st.stm32cube.ide.mcu.externaltools.gnu-tools-for-stm32.9-2020-q2-update.win32_2.0.0.202105311346/tools/bin/../lib/gcc/arm-none-eabi/9.3.1/../../../../arm-none-eabi/lib/thumb/v7e-m+fp/hard\libc_nano.a(lib_a-signalr.o)
                0x000000000800b588                _getpid_r
 .text.__sread  0x000000000800b58c       0x22 c:/st/stm32cubeide_1.7.0/stm32cubeide/plugins/com.st.stm32cube.ide.mcu.externaltools.gnu-tools-for-stm32.9-2020-q2-update.win32_2.0.0.202105311346/tools/bin/../lib/gcc/arm-none-eabi/9.3.1/../../../../arm-none-eabi/lib/thumb/v7e-m+fp/hard\libc_nano.a(lib_a-stdio.o)
                0x000000000800b58c                __sread
 .text.__swrite
                0x000000000800b5ae       0x38 c:/st/stm32cubeide_1.7.0/stm32cubeide/plugins/com.st.stm32cube.ide.mcu.externaltools.gnu-tools-for-stm32.9-2020-q2-update.win32_2.0.0.202105311346/tools/bin/../lib/gcc/arm-none-eabi/9.3.1/../../../../arm-none-eabi/lib/thumb/v7e-m+fp/hard\libc_nano.a(lib_a-stdio.o)
                0x000000000800b5ae                __swrite
 .text.__sseek  0x000000000800b5e6       0x24 c:/st/stm32cubeide_1.7.0/stm32cubeide/plugins/com.st.stm32cube.ide.mcu.externaltools.gnu-tools-for-stm32.9-2020-q2-update.win32_2.0.0.202105311346/tools/bin/../lib/gcc/arm-none-eabi/9.3.1/../../../../arm-none-eabi/lib/thumb/v7e-m+fp/hard\libc_nano.a(lib_a-stdio.o)
                0x000000000800b5e6                __sseek
 .text.__sclose
                0x000000000800b60a        0x8 c:/st/stm32cubeide_1.7.0/stm32cubeide/plugins/com.st.stm32cube.ide.mcu.externaltools.gnu-tools-for-stm32.9-2020-q2-update.win32_2.0.0.202105311346/tools/bin/../lib/gcc/arm-none-eabi/9.3.1/../../../../arm-none-eabi/lib/thumb/v7e-m+fp/hard\libc_nano.a(lib_a-stdio.o)
                0x000000000800b60a                __sclose
 *fill*         0x000000000800b612        0x2 
 .text._write_r
                0x000000000800b614       0x24 c:/st/stm32cubeide_1.7.0/stm32cubeide/plugins/com.st.stm32cube.ide.mcu.externaltools.gnu-tools-for-stm32.9-2020-q2-update.win32_2.0.0.202105311346/tools/bin/../lib/gcc/arm-none-eabi/9.3.1/../../../../arm-none-eabi/lib/thumb/v7e-m+fp/hard\libc_nano.a(lib_a-writer.o)
                0x000000000800b614                _write_r
 .text._close_r
                0x000000000800b638       0x20 c:/st/stm32cubeide_1.7.0/stm32cubeide/plugins/com.st.stm32cube.ide.mcu.externaltools.gnu-tools-for-stm32.9-2020-q2-update.win32_2.0.0.202105311346/tools/bin/../lib/gcc/arm-none-eabi/9.3.1/../../../../arm-none-eabi/lib/thumb/v7e-m+fp/hard\libc_nano.a(lib_a-closer.o)
                0x000000000800b638                _close_r
 .text._fstat_r
                0x000000000800b658       0x24 c:/st/stm32cubeide_1.7.0/stm32cubeide/plugins/com.st.stm32cube.ide.mcu.externaltools.gnu-tools-for-stm32.9-2020-q2-update.win32_2.0.0.202105311346/tools/bin/../lib/gcc/arm-none-eabi/9.3.1/../../../../arm-none-eabi/lib/thumb/v7e-m+fp/hard\libc_nano.a(lib_a-fstatr.o)
                0x000000000800b658                _fstat_r
 .text._isatty_r
                0x000000000800b67c       0x20 c:/st/stm32cubeide_1.7.0/stm32cubeide/plugins/com.st.stm32cube.ide.mcu.externaltools.gnu-tools-for-stm32.9-2020-q2-update.win32_2.0.0.202105311346/tools/bin/../lib/gcc/arm-none-eabi/9.3.1/../../../../arm-none-eabi/lib/thumb/v7e-m+fp/hard\libc_nano.a(lib_a-isattyr.o)
                0x000000000800b67c                _isatty_r
 .text._lseek_r
                0x000000000800b69c       0x24 c:/st/stm32cubeide_1.7.0/stm32cubeide/plugins/com.st.stm32cube.ide.mcu.externaltools.gnu-tools-for-stm32.9-2020-q2-update.win32_2.0.0.202105311346/tools/bin/../lib/gcc/arm-none-eabi/9.3.1/../../../../arm-none-eabi/lib/thumb/v7e-m+fp/hard\libc_nano.a(lib_a-lseekr.o)
                0x000000000800b69c                _lseek_r
 .text._malloc_usable_size_r
                0x000000000800b6c0       0x10 c:/st/stm32cubeide_1.7.0/stm32cubeide/plugins/com.st.stm32cube.ide.mcu.externaltools.gnu-tools-for-stm32.9-2020-q2-update.win32_2.0.0.202105311346/tools/bin/../lib/gcc/arm-none-eabi/9.3.1/../../../../arm-none-eabi/lib/thumb/v7e-m+fp/hard\libc_nano.a(lib_a-nano-msizer.o)
                0x000000000800b6c0                _malloc_usable_size_r
 .text._read_r  0x000000000800b6d0       0x24 c:/st/stm32cubeide_1.7.0/stm32cubeide/plugins/com.st.stm32cube.ide.mcu.externaltools.gnu-tools-for-stm32.9-2020-q2-update.win32_2.0.0.202105311346/tools/bin/../lib/gcc/arm-none-eabi/9.3.1/../../../../arm-none-eabi/lib/thumb/v7e-m+fp/hard\libc_nano.a(lib_a-readr.o)
                0x000000000800b6d0                _read_r
 .text.sqrt     0x000000000800b6f4       0x68 c:/st/stm32cubeide_1.7.0/stm32cubeide/plugins/com.st.stm32cube.ide.mcu.externaltools.gnu-tools-for-stm32.9-2020-q2-update.win32_2.0.0.202105311346/tools/bin/../lib/gcc/arm-none-eabi/9.3.1/../../../../arm-none-eabi/lib/thumb/v7e-m+fp/hard\libm.a(lib_a-w_sqrt.o)
                0x000000000800b6f4                sqrt
 .text.__ieee754_sqrt
                0x000000000800b75c      0x168 c:/st/stm32cubeide_1.7.0/stm32cubeide/plugins/com.st.stm32cube.ide.mcu.externaltools.gnu-tools-for-stm32.9-2020-q2-update.win32_2.0.0.202105311346/tools/bin/../lib/gcc/arm-none-eabi/9.3.1/../../../../arm-none-eabi/lib/thumb/v7e-m+fp/hard\libm.a(lib_a-e_sqrt.o)
                0x000000000800b75c                __ieee754_sqrt
 *(.glue_7)
 .glue_7        0x000000000800b8c4        0x0 linker stubs
 *(.glue_7t)
 .glue_7t       0x000000000800b8c4        0x0 linker stubs
 *(.eh_frame)
 .eh_frame      0x000000000800b8c4        0x0 c:/st/stm32cubeide_1.7.0/stm32cubeide/plugins/com.st.stm32cube.ide.mcu.externaltools.gnu-tools-for-stm32.9-2020-q2-update.win32_2.0.0.202105311346/tools/bin/../lib/gcc/arm-none-eabi/9.3.1/thumb/v7e-m+fp/hard/crtbegin.o
 *(.init)
 .init          0x000000000800b8c4        0x4 c:/st/stm32cubeide_1.7.0/stm32cubeide/plugins/com.st.stm32cube.ide.mcu.externaltools.gnu-tools-for-stm32.9-2020-q2-update.win32_2.0.0.202105311346/tools/bin/../lib/gcc/arm-none-eabi/9.3.1/thumb/v7e-m+fp/hard/crti.o
                0x000000000800b8c4                _init
 .init          0x000000000800b8c8        0x8 c:/st/stm32cubeide_1.7.0/stm32cubeide/plugins/com.st.stm32cube.ide.mcu.externaltools.gnu-tools-for-stm32.9-2020-q2-update.win32_2.0.0.202105311346/tools/bin/../lib/gcc/arm-none-eabi/9.3.1/thumb/v7e-m+fp/hard/crtn.o
 *(.fini)
 .fini          0x000000000800b8d0        0x4 c:/st/stm32cubeide_1.7.0/stm32cubeide/plugins/com.st.stm32cube.ide.mcu.externaltools.gnu-tools-for-stm32.9-2020-q2-update.win32_2.0.0.202105311346/tools/bin/../lib/gcc/arm-none-eabi/9.3.1/thumb/v7e-m+fp/hard/crti.o
                0x000000000800b8d0                _fini
 .fini          0x000000000800b8d4        0x8 c:/st/stm32cubeide_1.7.0/stm32cubeide/plugins/com.st.stm32cube.ide.mcu.externaltools.gnu-tools-for-stm32.9-2020-q2-update.win32_2.0.0.202105311346/tools/bin/../lib/gcc/arm-none-eabi/9.3.1/thumb/v7e-m+fp/hard/crtn.o
                0x000000000800b8dc                . = ALIGN (0x4)
                0x000000000800b8dc                _etext = .

.vfp11_veneer   0x000000000800b8dc        0x0
 .vfp11_veneer  0x000000000800b8dc        0x0 linker stubs

.v4_bx          0x000000000800b8dc        0x0
 .v4_bx         0x000000000800b8dc        0x0 linker stubs

.iplt           0x000000000800b8dc        0x0
 .iplt          0x000000000800b8dc        0x0 c:/st/stm32cubeide_1.7.0/stm32cubeide/plugins/com.st.stm32cube.ide.mcu.externaltools.gnu-tools-for-stm32.9-2020-q2-update.win32_2.0.0.202105311346/tools/bin/../lib/gcc/arm-none-eabi/9.3.1/thumb/v7e-m+fp/hard/crtbegin.o

.rodata         0x000000000800b8dc     0x3328
                0x000000000800b8dc                . = ALIGN (0x4)
 *(.rodata)
 .rodata        0x000000000800b8dc       0xd4 ./Core/Src/fsm.o
 .rodata        0x000000000800b9b0       0x49 ./Core/Src/main.o
 *fill*         0x000000000800b9f9        0x3 
 .rodata        0x000000000800b9fc       0x3b ./Core/Src/screen.o
 *fill*         0x000000000800ba37        0x1 
 .rodata        0x000000000800ba38       0xe0 ./Core/Src/touch.o
 *(.rodata*)
 .rodata.ascii_1608
                0x000000000800bb18      0x5f0 ./Core/Src/lcd.o
                0x000000000800bb18                ascii_1608
 .rodata.ascii_2412
                0x000000000800c108     0x11d0 ./Core/Src/lcd.o
                0x000000000800c108                ascii_2412
 .rodata.ascii_3216
                0x000000000800d2d8     0x17c0 ./Core/Src/lcd.o
                0x000000000800d2d8                ascii_3216
 .rodata.AHBPrescTable
                0x000000000800ea98       0x10 ./Core/Src/system_stm32f4xx.o
                0x000000000800ea98                AHBPrescTable
 .rodata.APBPrescTable
                0x000000000800eaa8        0x8 ./Core/Src/system_stm32f4xx.o
                0x000000000800eaa8                APBPrescTable
 .rodata.flagBitshiftOffset.9221
                0x000000000800eab0        0x8 ./Drivers/STM32F4xx_HAL_Driver/Src/stm32f4xx_hal_dma.o
 .rodata._global_impure_ptr
                0x000000000800eab8        0x4 c:/st/stm32cubeide_1.7.0/stm32cubeide/plugins/com.st.stm32cube.ide.mcu.externaltools.gnu-tools-for-stm32.9-2020-q2-update.win32_2.0.0.202105311346/tools/bin/../lib/gcc/arm-none-eabi/9.3.1/../../../../arm-none-eabi/lib/thumb/v7e-m+fp/hard\libc_nano.a(lib_a-impure.o)
                0x000000000800eab8                _global_impure_ptr
 .rodata.srand.str1.1
                0x000000000800eabc       0x76 c:/st/stm32cubeide_1.7.0/stm32cubeide/plugins/com.st.stm32cube.ide.mcu.externaltools.gnu-tools-for-stm32.9-2020-q2-update.win32_2.0.0.202105311346/tools/bin/../lib/gcc/arm-none-eabi/9.3.1/../../../../arm-none-eabi/lib/thumb/v7e-m+fp/hard\libc_nano.a(lib_a-rand.o)
 .rodata.__assert_func.str1.1
                0x000000000800eb32       0x3c c:/st/stm32cubeide_1.7.0/stm32cubeide/plugins/com.st.stm32cube.ide.mcu.externaltools.gnu-tools-for-stm32.9-2020-q2-update.win32_2.0.0.202105311346/tools/bin/../lib/gcc/arm-none-eabi/9.3.1/../../../../arm-none-eabi/lib/thumb/v7e-m+fp/hard\libc_nano.a(lib_a-assert.o)
                                         0x3d (size before relaxing)
 .rodata._svfprintf_r.str1.1
                0x000000000800eb6e       0x11 c:/st/stm32cubeide_1.7.0/stm32cubeide/plugins/com.st.stm32cube.ide.mcu.externaltools.gnu-tools-for-stm32.9-2020-q2-update.win32_2.0.0.202105311346/tools/bin/../lib/gcc/arm-none-eabi/9.3.1/../../../../arm-none-eabi/lib/thumb/v7e-m+fp/hard\libc_nano.a(lib_a-nano-svfprintf.o)
 .rodata._vfprintf_r.str1.1
                0x000000000800eb7f       0x11 c:/st/stm32cubeide_1.7.0/stm32cubeide/plugins/com.st.stm32cube.ide.mcu.externaltools.gnu-tools-for-stm32.9-2020-q2-update.win32_2.0.0.202105311346/tools/bin/../lib/gcc/arm-none-eabi/9.3.1/../../../../arm-none-eabi/lib/thumb/v7e-m+fp/hard\libc_nano.a(lib_a-nano-vfprintf.o)
 .rodata._printf_i.str1.1
                0x000000000800eb7f       0x22 c:/st/stm32cubeide_1.7.0/stm32cubeide/plugins/com.st.stm32cube.ide.mcu.externaltools.gnu-tools-for-stm32.9-2020-q2-update.win32_2.0.0.202105311346/tools/bin/../lib/gcc/arm-none-eabi/9.3.1/../../../../arm-none-eabi/lib/thumb/v7e-m+fp/hard\libc_nano.a(lib_a-nano-vfprintf_i.o)
 *fill*         0x000000000800eba1        0x3 
 .rodata.__sf_fake_stderr
                0x000000000800eba4       0x20 c:/st/stm32cubeide_1.7.0/stm32cubeide/plugins/com.st.stm32cube.ide.mcu.externaltools.gnu-tools-for-stm32.9-2020-q2-update.win32_2.0.0.202105311346/tools/bin/../lib/gcc/arm-none-eabi/9.3.1/../../../../arm-none-eabi/lib/thumb/v7e-m+fp/hard\libc_nano.a(lib_a-findfp.o)
                0x000000000800eba4                __sf_fake_stderr
 .rodata.__sf_fake_stdin
                0x000000000800ebc4       0x20 c:/st/stm32cubeide_1.7.0/stm32cubeide/plugins/com.st.stm32cube.ide.mcu.externaltools.gnu-tools-for-stm32.9-2020-q2-update.win32_2.0.0.202105311346/tools/bin/../lib/gcc/arm-none-eabi/9.3.1/../../../../arm-none-eabi/lib/thumb/v7e-m+fp/hard\libc_nano.a(lib_a-findfp.o)
                0x000000000800ebc4                __sf_fake_stdin
 .rodata.__sf_fake_stdout
                0x000000000800ebe4       0x20 c:/st/stm32cubeide_1.7.0/stm32cubeide/plugins/com.st.stm32cube.ide.mcu.externaltools.gnu-tools-for-stm32.9-2020-q2-update.win32_2.0.0.202105311346/tools/bin/../lib/gcc/arm-none-eabi/9.3.1/../../../../arm-none-eabi/lib/thumb/v7e-m+fp/hard\libc_nano.a(lib_a-findfp.o)
                0x000000000800ebe4                __sf_fake_stdout
                0x000000000800ec04                . = ALIGN (0x4)

.ARM.extab      0x000000000800ec04        0x0
                0x000000000800ec04                . = ALIGN (0x4)
 *(.ARM.extab* .gnu.linkonce.armextab.*)
                0x000000000800ec04                . = ALIGN (0x4)

.ARM            0x000000000800ec04        0x8
                0x000000000800ec04                . = ALIGN (0x4)
                0x000000000800ec04                __exidx_start = .
 *(.ARM.exidx*)
 .ARM.exidx     0x000000000800ec04        0x8 c:/st/stm32cubeide_1.7.0/stm32cubeide/plugins/com.st.stm32cube.ide.mcu.externaltools.gnu-tools-for-stm32.9-2020-q2-update.win32_2.0.0.202105311346/tools/bin/../lib/gcc/arm-none-eabi/9.3.1/thumb/v7e-m+fp/hard\libgcc.a(_udivmoddi4.o)
                0x000000000800ec0c                __exidx_end = .
                0x000000000800ec0c                . = ALIGN (0x4)

.rel.dyn        0x000000000800ec0c        0x0
 .rel.iplt      0x000000000800ec0c        0x0 c:/st/stm32cubeide_1.7.0/stm32cubeide/plugins/com.st.stm32cube.ide.mcu.externaltools.gnu-tools-for-stm32.9-2020-q2-update.win32_2.0.0.202105311346/tools/bin/../lib/gcc/arm-none-eabi/9.3.1/thumb/v7e-m+fp/hard/crtbegin.o

.preinit_array  0x000000000800ec0c        0x0
                0x000000000800ec0c                . = ALIGN (0x4)
                0x000000000800ec0c                PROVIDE (__preinit_array_start = .)
 *(.preinit_array*)
                0x000000000800ec0c                PROVIDE (__preinit_array_end = .)
                0x000000000800ec0c                . = ALIGN (0x4)

.init_array     0x000000000800ec0c        0x4
                0x000000000800ec0c                . = ALIGN (0x4)
                0x000000000800ec0c                PROVIDE (__init_array_start = .)
 *(SORT_BY_NAME(.init_array.*))
 *(.init_array*)
 .init_array    0x000000000800ec0c        0x4 c:/st/stm32cubeide_1.7.0/stm32cubeide/plugins/com.st.stm32cube.ide.mcu.externaltools.gnu-tools-for-stm32.9-2020-q2-update.win32_2.0.0.202105311346/tools/bin/../lib/gcc/arm-none-eabi/9.3.1/thumb/v7e-m+fp/hard/crtbegin.o
                0x000000000800ec10                PROVIDE (__init_array_end = .)
                0x000000000800ec10                . = ALIGN (0x4)

.fini_array     0x000000000800ec10        0x4
                0x000000000800ec10                . = ALIGN (0x4)
                [!provide]                        PROVIDE (__fini_array_start = .)
 *(SORT_BY_NAME(.fini_array.*))
 *(.fini_array*)
 .fini_array    0x000000000800ec10        0x4 c:/st/stm32cubeide_1.7.0/stm32cubeide/plugins/com.st.stm32cube.ide.mcu.externaltools.gnu-tools-for-stm32.9-2020-q2-update.win32_2.0.0.202105311346/tools/bin/../lib/gcc/arm-none-eabi/9.3.1/thumb/v7e-m+fp/hard/crtbegin.o
                [!provide]                        PROVIDE (__fini_array_end = .)
                0x000000000800ec14                . = ALIGN (0x4)
                0x000000000800ec14                _sidata = LOADADDR (.data)

.data           0x0000000020000000       0xe4 load address 0x000000000800ec14
                0x0000000020000000                . = ALIGN (0x4)
                0x0000000020000000                _sdata = .
 *(.data)
 *(.data*)
 .data.speed    0x0000000020000000        0x4 ./Core/Src/fsm.o
                0x0000000020000000                speed
 .data.sec      0x0000000020000004        0x1 ./Core/Src/fsm.o
                0x0000000020000004                sec
 *fill*         0x0000000020000005        0x3 
 .data.countdown
                0x0000000020000008        0x4 ./Core/Src/fsm.o
                0x0000000020000008                countdown
 .data.led7seg  0x000000002000000c        0x4 ./Core/Src/led_7seg.o
                0x000000002000000c                led7seg
 .data.arrayOfNum
                0x0000000020000010        0xa ./Core/Src/led_7seg.o
                0x0000000020000010                arrayOfNum
 .data.spi_buffer
                0x000000002000001a        0x2 ./Core/Src/led_7seg.o
                0x000000002000001a                spi_buffer
 .data.size_of_snake
                0x000000002000001c        0x4 ./Core/Src/snake.o
                0x000000002000001c                size_of_snake
 .data.snake_speed
                0x0000000020000020        0x8 ./Core/Src/snake.o
                0x0000000020000020                snake_speed
 .data.sw_up    0x0000000020000028        0x4 ./Core/Src/snake.o
                0x0000000020000028                sw_up
 .data.sw_down  0x000000002000002c        0x4 ./Core/Src/snake.o
                0x000000002000002c                sw_down
 .data.sw_right
                0x0000000020000030        0x4 ./Core/Src/snake.o
                0x0000000020000030                sw_right
 .data.sw_left  0x0000000020000034        0x4 ./Core/Src/snake.o
                0x0000000020000034                sw_left
 .data.SystemCoreClock
                0x0000000020000038        0x4 ./Core/Src/system_stm32f4xx.o
                0x0000000020000038                SystemCoreClock
 .data.tp_dev   0x000000002000003c       0x34 ./Core/Src/touch.o
                0x000000002000003c                tp_dev
 .data.CMD_RDX  0x0000000020000070        0x1 ./Core/Src/touch.o
                0x0000000020000070                CMD_RDX
 .data.CMD_RDY  0x0000000020000071        0x1 ./Core/Src/touch.o
                0x0000000020000071                CMD_RDY
 *fill*         0x0000000020000072        0x2 
 .data.uwTickPrio
                0x0000000020000074        0x4 ./Drivers/STM32F4xx_HAL_Driver/Src/stm32f4xx_hal.o
                0x0000000020000074                uwTickPrio
 .data.uwTickFreq
                0x0000000020000078        0x1 ./Drivers/STM32F4xx_HAL_Driver/Src/stm32f4xx_hal.o
                0x0000000020000078                uwTickFreq
 *fill*         0x0000000020000079        0x3 
 .data._impure_ptr
                0x000000002000007c        0x4 c:/st/stm32cubeide_1.7.0/stm32cubeide/plugins/com.st.stm32cube.ide.mcu.externaltools.gnu-tools-for-stm32.9-2020-q2-update.win32_2.0.0.202105311346/tools/bin/../lib/gcc/arm-none-eabi/9.3.1/../../../../arm-none-eabi/lib/thumb/v7e-m+fp/hard\libc_nano.a(lib_a-impure.o)
                0x000000002000007c                _impure_ptr
 .data.impure_data
                0x0000000020000080       0x60 c:/st/stm32cubeide_1.7.0/stm32cubeide/plugins/com.st.stm32cube.ide.mcu.externaltools.gnu-tools-for-stm32.9-2020-q2-update.win32_2.0.0.202105311346/tools/bin/../lib/gcc/arm-none-eabi/9.3.1/../../../../arm-none-eabi/lib/thumb/v7e-m+fp/hard\libc_nano.a(lib_a-impure.o)
 .data.__fdlib_version
                0x00000000200000e0        0x1 c:/st/stm32cubeide_1.7.0/stm32cubeide/plugins/com.st.stm32cube.ide.mcu.externaltools.gnu-tools-for-stm32.9-2020-q2-update.win32_2.0.0.202105311346/tools/bin/../lib/gcc/arm-none-eabi/9.3.1/../../../../arm-none-eabi/lib/thumb/v7e-m+fp/hard\libm.a(lib_a-s_lib_ver.o)
                0x00000000200000e0                __fdlib_version
 *(.RamFunc)
 *(.RamFunc*)
                0x00000000200000e4                . = ALIGN (0x4)
 *fill*         0x00000000200000e1        0x3 
                0x00000000200000e4                _edata = .
                0x000000000800ecf8                _siccmram = LOADADDR (.ccmram)

.igot.plt       0x00000000200000e4        0x0 load address 0x000000000800ecf8
 .igot.plt      0x00000000200000e4        0x0 c:/st/stm32cubeide_1.7.0/stm32cubeide/plugins/com.st.stm32cube.ide.mcu.externaltools.gnu-tools-for-stm32.9-2020-q2-update.win32_2.0.0.202105311346/tools/bin/../lib/gcc/arm-none-eabi/9.3.1/thumb/v7e-m+fp/hard/crtbegin.o

.ccmram         0x0000000010000000        0x0 load address 0x000000000800ecf8
                0x0000000010000000                . = ALIGN (0x4)
                0x0000000010000000                _sccmram = .
 *(.ccmram)
 *(.ccmram*)
                0x0000000010000000                . = ALIGN (0x4)
                0x0000000010000000                _eccmram = .
                0x0000000010000000                . = ALIGN (0x4)

.bss            0x00000000200000e4      0xbc4
                0x00000000200000e4                _sbss = .
                0x00000000200000e4                __bss_start__ = _sbss
 *(.bss)
 .bss           0x00000000200000e4       0x1c c:/st/stm32cubeide_1.7.0/stm32cubeide/plugins/com.st.stm32cube.ide.mcu.externaltools.gnu-tools-for-stm32.9-2020-q2-update.win32_2.0.0.202105311346/tools/bin/../lib/gcc/arm-none-eabi/9.3.1/thumb/v7e-m+fp/hard/crtbegin.o
 *(.bss*)
 .bss.spi_button
                0x0000000020000100        0x2 ./Core/Src/button.o
                0x0000000020000100                spi_button
 *fill*         0x0000000020000102        0x2 
 .bss.status    0x0000000020000104        0x4 ./Core/Src/fsm.o
                0x0000000020000104                status
 .bss.ID        0x0000000020000108        0x4 ./Core/Src/fsm.o
                0x0000000020000108                ID
 .bss.mode      0x000000002000010c        0x4 ./Core/Src/fsm.o
                0x000000002000010c                mode
 .bss.count     0x0000000020000110        0x4 ./Core/Src/fsm.o
                0x0000000020000110                count
 .bss.wall      0x0000000020000114        0x4 ./Core/Src/fsm.o
                0x0000000020000114                wall
 .bss.walls     0x0000000020000118        0x4 ./Core/Src/fsm.o
                0x0000000020000118                walls
 .bss.timer     0x000000002000011c        0x4 ./Core/Src/fsm.o
                0x000000002000011c                timer
 .bss.colon     0x0000000020000120        0x4 ./Core/Src/fsm.o
                0x0000000020000120                colon
 .bss.send_flag
                0x0000000020000124        0x4 ./Core/Src/fsm.o
                0x0000000020000124                send_flag
 .bss.leaderboard
                0x0000000020000128        0x4 ./Core/Src/fsm.o
                0x0000000020000128                leaderboard
 .bss.FSMC_Initialized
                0x000000002000012c        0x4 ./Core/Src/fsmc.o
 .bss.led7_index
                0x0000000020000130        0x4 ./Core/Src/led_7seg.o
                0x0000000020000130                led7_index
 .bss.draw_grid
                0x0000000020000134      0x780 ./Core/Src/snake.o
                0x0000000020000134                draw_grid
 .bss.snake_pos
                0x00000000200008b4       0xc0 ./Core/Src/snake.o
                0x00000000200008b4                snake_pos
 .bss.old_poshx
                0x0000000020000974        0x4 ./Core/Src/snake.o
                0x0000000020000974                old_poshx
 .bss.old_poshy
                0x0000000020000978        0x4 ./Core/Src/snake.o
                0x0000000020000978                old_poshy
 .bss.pos_head  0x000000002000097c        0x8 ./Core/Src/snake.o
                0x000000002000097c                pos_head
 .bss.score     0x0000000020000984        0x1 ./Core/Src/snake.o
                0x0000000020000984                score
 *fill*         0x0000000020000985        0x3 
 .bss.lose      0x0000000020000988        0x4 ./Core/Src/snake.o
                0x0000000020000988                lose
 .bss.flag_timer2
                0x000000002000098c        0x2 ./Core/Src/software_timer.o
                0x000000002000098c                flag_timer2
 .bss.timer2_counter
                0x000000002000098e        0x2 ./Core/Src/software_timer.o
                0x000000002000098e                timer2_counter
 .bss.timer2_MUL
                0x0000000020000990        0x2 ./Core/Src/software_timer.o
                0x0000000020000990                timer2_MUL
 .bss.flag_timer3
                0x0000000020000992        0x2 ./Core/Src/software_timer.o
                0x0000000020000992                flag_timer3
 .bss.timer3_counter
                0x0000000020000994        0x2 ./Core/Src/software_timer.o
                0x0000000020000994                timer3_counter
 .bss.timer3_MUL
                0x0000000020000996        0x2 ./Core/Src/software_timer.o
                0x0000000020000996                timer3_MUL
 .bss.flag_timer4
                0x0000000020000998        0x2 ./Core/Src/software_timer.o
                0x0000000020000998                flag_timer4
 .bss.timer4_counter
                0x000000002000099a        0x2 ./Core/Src/software_timer.o
                0x000000002000099a                timer4_counter
 .bss.timer4_MUL
                0x000000002000099c        0x2 ./Core/Src/software_timer.o
                0x000000002000099c                timer4_MUL
 .bss.flag_timer5
                0x000000002000099e        0x2 ./Core/Src/software_timer.o
                0x000000002000099e                flag_timer5
 .bss.timer5_counter
                0x00000000200009a0        0x2 ./Core/Src/software_timer.o
                0x00000000200009a0                timer5_counter
 .bss.timer5_MUL
                0x00000000200009a2        0x2 ./Core/Src/software_timer.o
                0x00000000200009a2                timer5_MUL
 .bss.flag_timer6